[techslideitsolutions.com/index.html]
[techslideitsolutions.com/e.src]
[techslideitsolutions.com/Firefox/index.html]
[techslideitsolutions.com/xmlrpc.2.delayed]
[backblue.gif]
[fade.gif]
[index.html]
[external.html]
[fonts.googleapis.com/index.html]
[techslideitsolutions.com/feed/index.html]
[bunny-wp-pullzone-efjkxxbsas.b-cdn.net/wp-content/cache/min/1/wp-content/plugins/wpf-drop-uploader/css/drop_uploader861b.css]
[bunny-wp-pullzone-efjkxxbsas.b-cdn.net/wp-content/cache/min/1/wp-content/plugins/wpf-drop-uploader/pe-icon-7-stroke/css/pe-icon-7-stroke861b.css]
[bunny-wp-pullzone-efjkxxbsas.b-cdn.net/wp-content/cache/min/1/wp-content/plugins/header-footer-elementor/inc/widgets-css/frontend861b.css]
[bunny-wp-pullzone-efjkxxbsas.b-cdn.net/wp-includes/css/dist/components/style.minb6a4.css]
[bunny-wp-pullzone-efjkxxbsas.b-cdn.net/wp-includes/css/dist/preferences/style.minb6a4.css]
[bunny-wp-pullzone-efjkxxbsas.b-cdn.net/wp-includes/css/dist/block-editor/style.minb6a4.css]
[bunny-wp-pullzone-efjkxxbsas.b-cdn.net/wp-includes/css/dist/reusable-blocks/style.minb6a4.css]
[bunny-wp-pullzone-efjkxxbsas.b-cdn.net/wp-includes/css/dist/patterns/style.minb6a4.css]
[bunny-wp-pullzone-efjkxxbsas.b-cdn.net/wp-includes/css/dist/editor/style.minb6a4.css]
[bunny-wp-pullzone-efjkxxbsas.b-cdn.net/wp-content/plugins/whatsapp-for-wordpress/dist/blocks.style.buildb6a4.css]
[bunny-wp-pullzone-efjkxxbsas.b-cdn.net/wp-content/cache/min/1/wp-content/plugins/contact-form-7/includes/css/styles861b.css]
[bunny-wp-pullzone-efjkxxbsas.b-cdn.net/wp-content/cache/min/1/wp-content/uploads/stm_fonts/stm/stm861b.css]
[bunny-wp-pullzone-efjkxxbsas.b-cdn.net/wp-content/cache/min/1/wp-content/plugins/eroom-zoom-meetings-webinar/assets/css/frontend/main861b.css]
[bunny-wp-pullzone-efjkxxbsas.b-cdn.net/wp-content/cache/min/1/wp-content/plugins/whatsapp-for-wordpress/assets/css/style861b.css]
[bunny-wp-pullzone-efjkxxbsas.b-cdn.net/wp-content/cache/min/1/wp-content/plugins/woocommerce/assets/css/woocommerce-layout861b.css]
[bunny-wp-pullzone-efjkxxbsas.b-cdn.net/wp-content/cache/min/1/wp-content/plugins/woocommerce/assets/css/woocommerce-smallscreen861b.css]
[bunny-wp-pullzone-efjkxxbsas.b-cdn.net/wp-content/cache/min/1/wp-content/plugins/woocommerce/assets/css/woocommerce861b.css]
[bunny-wp-pullzone-efjkxxbsas.b-cdn.net/wp-content/cache/min/1/wp-content/plugins/eroom-zoom-meetings-webinar/nuxy/metaboxes/assets/vendors/font-awesome.min861b.css]
[bunny-wp-pullzone-efjkxxbsas.b-cdn.net/wp-content/cache/min/1/wp-content/plugins/header-footer-elementor/assets/css/header-footer-elementor861b.css]
[bunny-wp-pullzone-efjkxxbsas.b-cdn.net/wp-content/cache/min/1/wp-content/plugins/elementor/assets/lib/eicons/css/elementor-icons.min861b.css]
[bunny-wp-pullzone-efjkxxbsas.b-cdn.net/wp-content/plugins/elementor/assets/css/frontend-lite.mindcff.css]
[bunny-wp-pullzone-efjkxxbsas.b-cdn.net/wp-content/cache/min/1/wp-content/plugins/elementor/assets/lib/swiper/v8/css/swiper.min861b.css]
[bunny-wp-pullzone-efjkxxbsas.b-cdn.net/wp-content/uploads/elementor/css/post-6861b.css]
[bunny-wp-pullzone-efjkxxbsas.b-cdn.net/wp-content/plugins/elementor-pro/assets/css/frontend-lite.min0599.css]
[bunny-wp-pullzone-efjkxxbsas.b-cdn.net/wp-content/cache/min/1/wp-content/plugins/elementor/assets/lib/font-awesome/css/all.min861b.css]
[bunny-wp-pullzone-efjkxxbsas.b-cdn.net/wp-content/plugins/elementor/assets/lib/font-awesome/css/v4-shims.mindcff.css]
[bunny-wp-pullzone-efjkxxbsas.b-cdn.net/wp-content/uploads/elementor/css/post-746921a2.css]
[bunny-wp-pullzone-efjkxxbsas.b-cdn.net/wp-content/uploads/elementor/css/post-7622861b.css]
[bunny-wp-pullzone-efjkxxbsas.b-cdn.net/wp-content/uploads/elementor/css/post-7608861b.css]
[bunny-wp-pullzone-efjkxxbsas.b-cdn.net/wp-content/cache/min/1/wp-content/themes/consulting/assets/css/bootstrap.min861b.css]
[bunny-wp-pullzone-efjkxxbsas.b-cdn.net/wp-content/cache/min/1/wp-content/themes/consulting/style861b.css]
[bunny-wp-pullzone-efjkxxbsas.b-cdn.net/wp-content/cache/min/1/wp-content/themes/consulting/assets/css/layouts/layout_manchester/main2259.css]
[bunny-wp-pullzone-efjkxxbsas.b-cdn.net/wp-content/themes/consulting/assets/css/select2.minb02e.css]
[fonts.googleapis.com/css6fc2.css]
[bunny-wp-pullzone-efjkxxbsas.b-cdn.net/wp-content/themes/consulting/assets/css/fontawesome/fontawesome.minb02e.css]
[bunny-wp-pullzone-efjkxxbsas.b-cdn.net/wp-content/cache/min/1/wp-content/themes/consulting/assets/css/fontawesome/brands.min2259.css]
[bunny-wp-pullzone-efjkxxbsas.b-cdn.net/wp-content/cache/min/1/wp-content/themes/consulting/assets/css/fontawesome/solid.min2259.css]
[bunny-wp-pullzone-efjkxxbsas.b-cdn.net/wp-content/themes/consulting/assets/css/fontawesome/v4-shims.minb02e.css]
[bunny-wp-pullzone-efjkxxbsas.b-cdn.net/wp-content/cache/min/1/wp-content/uploads/stm_uploads/theme_options2259.css]
[bunny-wp-pullzone-efjkxxbsas.b-cdn.net/wp-content/cache/min/1/wp-content/themes/consulting/assets/css/layouts/global_styles/main2259.css]
[bunny-wp-pullzone-efjkxxbsas.b-cdn.net/wp-content/cache/min/1/wp-content/themes/consulting/inc/megamenu/assets/css/megamenu2259.css]
[bunny-wp-pullzone-efjkxxbsas.b-cdn.net/wp-content/cache/min/1/wp-content/plugins/halfdata-green-popups/css/style2259.css]
[bunny-wp-pullzone-efjkxxbsas.b-cdn.net/wp-content/cache/min/1/wp-content/plugins/halfdata-green-popups/css/airdatepicker2259.css]
[fonts.googleapis.com/csscce4.css]
[bunny-wp-pullzone-efjkxxbsas.b-cdn.net/wp-content/plugins/elementor/assets/lib/font-awesome/css/fontawesome.min52d5.css]
[bunny-wp-pullzone-efjkxxbsas.b-cdn.net/wp-content/cache/min/1/wp-content/plugins/elementor/assets/lib/font-awesome/css/solid.min2259.css]
[bunny-wp-pullzone-efjkxxbsas.b-cdn.net/wp-content/cache/min/1/wp-content/plugins/elementor/assets/lib/font-awesome/css/regular.min2259.css]
[bunny-wp-pullzone-efjkxxbsas.b-cdn.net/wp-content/cache/min/1/wp-content/plugins/elementor/assets/lib/font-awesome/css/brands.min2259.css]
[techslideitsolutions.com/wp-json/wp/v2/pages/7469.json]
[techslideitsolutions.com/wp-json/index.html]
[techslideitsolutions.com/xmlrpc0db0.php]
[techslideitsolutions.com/wp-json/oembed/1.0/embedccb2.json]
[techslideitsolutions.com/wp-json/oembed/1.0/embedcc2c]
[embed.tawk.to/661e633d1ec1082f04e2fdef/1hrjb7avs.js]
[techslideitsolutions.com/wp-admin/admin-ajax.39.delayed]
[bunny-wp-pullzone-efjkxxbsas.b-cdn.net/wp-content/uploads/2023/06/cropped-new-logo-HQ-1-bg-32x32.png]
[bunny-wp-pullzone-efjkxxbsas.b-cdn.net/wp-content/uploads/2023/06/cropped-new-logo-HQ-1-bg-192x192.png]
[bunny-wp-pullzone-efjkxxbsas.b-cdn.net/wp-content/uploads/2023/06/cropped-new-logo-HQ-1-bg-180x180.png]
[bunny-wp-pullzone-efjkxxbsas.b-cdn.net/wp-content/uploads/2023/06/New-Logo-3.jpg]
[bunny-wp-pullzone-efjkxxbsas.b-cdn.net/wp-content/plugins/elementor/assets/css/widget-icon-box.min.css]
[bunny-wp-pullzone-efjkxxbsas.b-cdn.net/wp-content/plugins/revslider/public/assets/assets/dummy.png]
[techslideitsolutions.com/blog/index.html]
[techslideitsolutions.com/digital-marketing-company/index.html]
[techslideitsolutions.com/digital-marketing-agency/index.html]
[consulting.stylemixthemes.com/demo/wp-content/uploads/2021/svg/circuit.svg]
[consulting.stylemixthemes.com/demo/wp-content/uploads/2021/svg/triangle_transparent.svg]
[bunny-wp-pullzone-efjkxxbsas.b-cdn.net/wp-content/uploads/2022/04/webdesigns.png]
[bunny-wp-pullzone-efjkxxbsas.b-cdn.net/wp-content/uploads/2022/04/2.png]
[bunny-wp-pullzone-efjkxxbsas.b-cdn.net/wp-content/uploads/2022/04/3.png]
[bunny-wp-pullzone-efjkxxbsas.b-cdn.net/wp-content/uploads/2022/04/6.png]
[consulting.stylemixthemes.com/demo/wp-content/uploads/2021/svg/triangle_service.svg]
[bunny-wp-pullzone-efjkxxbsas.b-cdn.net/wp-content/uploads/2020/09/4.png]
[bunny-wp-pullzone-efjkxxbsas.b-cdn.net/wp-content/uploads/2020/09/7.png]
[techslideitsolutions.com/service/toll-free-number-service-provider/index.html]
[techslideitsolutions.com/service/payment-gateway-providers-in-india/index.html]
[bunny-wp-pullzone-efjkxxbsas.b-cdn.net/wp-content/uploads/2020/09/8.png]
[techslideitsolutions.com/service/integrated-logistics-solutions/index.html]
[bunny-wp-pullzone-efjkxxbsas.b-cdn.net/wp-content/uploads/2020/09/6.png]
[techslideitsolutions.com/service/best-seo-company-in-tamilnadu/index.html]
[bunny-wp-pullzone-efjkxxbsas.b-cdn.net/wp-content/uploads/2020/09/2.png]
[techslideitsolutions.com/service/social-media-marketing-services/index.html]
[bunny-wp-pullzone-efjkxxbsas.b-cdn.net/wp-content/uploads/2020/09/1.png]
[techslideitsolutions.com/service/web-development-company-in-thanjauvr/index.html]
[bunny-wp-pullzone-efjkxxbsas.b-cdn.net/wp-content/uploads/2020/09/5.png]
[techslideitsolutions.com/service/ecommerce-website-designing-solutions/index.html]
[consulting.stylemixthemes.com/demo/wp-content/uploads/2021/svg/triangle.svg]
[bunny-wp-pullzone-efjkxxbsas.b-cdn.net/wp-content/uploads/2022/04/webdesign-1.svg]
[bunny-wp-pullzone-efjkxxbsas.b-cdn.net/wp-content/uploads/2022/04/Trending-1.svg]
[bunny-wp-pullzone-efjkxxbsas.b-cdn.net/wp-content/uploads/2022/04/Strategic-Planning-1.svg]
[bunny-wp-pullzone-efjkxxbsas.b-cdn.net/wp-content/uploads/2022/04/Business-Automation-1.svg]
[bunny-wp-pullzone-efjkxxbsas.b-cdn.net/wp-content/uploads/2022/04/Content-Creation-1.svg]
[bunny-wp-pullzone-efjkxxbsas.b-cdn.net/wp-content/uploads/2022/04/Secure-Coding-1.svg]
[bunny-wp-pullzone-efjkxxbsas.b-cdn.net/wp-content/uploads/2022/04/ecommerce-website.svg]
[bunny-wp-pullzone-efjkxxbsas.b-cdn.net/wp-content/uploads/2022/04/payment-gateway-1.svg]
[bunny-wp-pullzone-efjkxxbsas.b-cdn.net/wp-content/uploads/2022/04/logistic-solutions-1.svg]
[bunny-wp-pullzone-efjkxxbsas.b-cdn.net/wp-content/uploads/2022/04/multi-vendor-1.svg]
[bunny-wp-pullzone-efjkxxbsas.b-cdn.net/wp-content/uploads/2022/04/customer-care-1.svg]
[bunny-wp-pullzone-efjkxxbsas.b-cdn.net/wp-content/uploads/2022/04/hosting-1.svg]
[bunny-wp-pullzone-efjkxxbsas.b-cdn.net/wp-content/uploads/2022/04/seo1.svg]
[bunny-wp-pullzone-efjkxxbsas.b-cdn.net/wp-content/uploads/2022/04/seo2.svg]
[bunny-wp-pullzone-efjkxxbsas.b-cdn.net/wp-content/uploads/2022/04/smm.svg]
[bunny-wp-pullzone-efjkxxbsas.b-cdn.net/wp-content/uploads/2022/04/sm-management.svg]
[bunny-wp-pullzone-efjkxxbsas.b-cdn.net/wp-content/uploads/2022/04/digital-marketing.svg]
[bunny-wp-pullzone-efjkxxbsas.b-cdn.net/wp-content/uploads/2022/04/orm.svg]
[consulting.stylemixthemes.com/demo/wp-content/uploads/2021/svg/triangle_staff.svg]
[consulting.stylemixthemes.com/demo/wp-content/uploads/2021/svg/circuit_transparent_2.svg]
[consulting.stylemixthemes.com/demo/wp-content/uploads/2021/svg/triangle_contact.svg]
[bunny-wp-pullzone-efjkxxbsas.b-cdn.net/wp-content/uploads/2021/08/Imunify360-800-2.png]
[bunny-wp-pullzone-efjkxxbsas.b-cdn.net/wp-content/uploads/2021/08/Razorpay-Partner.webp]
[bunny-wp-pullzone-efjkxxbsas.b-cdn.net/wp-content/uploads/2021/08/web3.png]
[bunny-wp-pullzone-efjkxxbsas.b-cdn.net/wp-content/uploads/2021/08/myop-india-dials-logo.png]
[bunny-wp-pullzone-efjkxxbsas.b-cdn.net/wp-content/uploads/2021/08/react.png]
[bunny-wp-pullzone-efjkxxbsas.b-cdn.net/wp-content/uploads/2021/08/Shiprocket-badge.jpg]
[bunny-wp-pullzone-efjkxxbsas.b-cdn.net/wp-content/uploads/2021/08/Blue-box-transparent-SVG.svg]
[bunny-wp-pullzone-efjkxxbsas.b-cdn.net/wp-content/uploads/2021/08/litespeed-logo.png]
[bunny-wp-pullzone-efjkxxbsas.b-cdn.net/wp-content/uploads/2021/08/badge.png]
[bunny-wp-pullzone-efjkxxbsas.b-cdn.net/wp-content/uploads/2021/08/flutter.svg]
[techslideitsolutions.com/shipping-policy.html]
[techslideitsolutions.com/refund_returns-2/index.html]
[techslideitsolutions.com/contact-us/index.html]
[techslideitsolutions.com/terms-and-conditions/index.html]
[techslideitsolutions.com/privacy-policy/index.html]
[fonts.googleapis.com/css76ec.css]
[bunny-wp-pullzone-efjkxxbsas.b-cdn.net/wp-content/cache/min/1/wp-content/plugins/woocommerce/assets/client/blocks/wc-blocks2259.css]
[bunny-wp-pullzone-efjkxxbsas.b-cdn.net/wp-content/plugins/elementor/assets/lib/animations/animations.mindcff.css]
[bunny-wp-pullzone-efjkxxbsas.b-cdn.net/wp-content/cache/min/1/wp-content/themes/consulting/assets/css/slickf9b7.css]
[bunny-wp-pullzone-efjkxxbsas.b-cdn.net/wp-content/cache/min/1/wp-content/plugins/revslider/public/assets/css/rs62259.css]
[techslideitsolutions.com/index.html]
[techslideitsolutions.com/Firefox/index.html]
[bunny-wp-pullzone-efjkxxbsas.b-cdn.net/wp-content/plugins/wp-rocket/assets/js/lazyload/17.5/lazyload.min.js]
[gmpg.org/xfn/11.html]
[techslideitsolutions.com/xmlrpc.php]
[www.google.com/index.html]
[fonts.googleapis.com/index.html]
[bunny-wp-pullzone-efjkxxbsas.b-cdn.net/index.html]
[www.googletagmanager.com/index.html]
[fonts.googleapis.com/css6fc2.css]
[fonts.googleapis.com/csscce4.css]
[fonts.gstatic.com/index.html]
[embed.tawk.to/_s/v4/app/66909c6d5c9/js/twk-vendor.js]
[embed.tawk.to/_s/v4/app/66909c6d5c9/js/twk-chunk-vendors.js]
[embed.tawk.to/_s/v4/app/66909c6d5c9/js/twk-chunk-common.js]
[embed.tawk.to/_s/v4/app/66909c6d5c9/js/twk-runtime.js]
[embed.tawk.to/_s/v4/app/66909c6d5c9/js/twk-app.js]
[embed.tawk.to/_s/v4/app/66909c6d5c9/js/twk-promise-polyfill.js]
[embed.tawk.to/_s/v4/app/66909c6d5c9/js/twk-iterator-polyfill.js]
[embed.tawk.to/_s/v4/app/66909c6d5c9/js/twk-entries-polyfill.js]
[embed.tawk.to/_s/v4/app/66909c6d5c9/js/twk-event-polyfill.js]
[embed.tawk.to/_s/v4/app/66909c6d5c9/js/twk-object-values-polyfill.js]
[embed.tawk.to/_s/v4/app/66909c6d5c9/js/twk-arr-find-polyfill.js]
[embed.tawk.to/661e633d1ec1082f04e2fdef/1hrjb7avs.js]
[techslideitsolutions.com/wp-admin/admin-ajax.html]
[techslideitsolutions.com/digital-marketing-company/e.85.delayed]
[bunny-wp-pullzone-efjkxxbsas.b-cdn.net/wp-content/uploads/elementor/css/post-1095429ed.css]
[techslideitsolutions.com/digital-marketing-company/Firefox/index.html]
[techslideitsolutions.com/wp-json/wp/v2/pages/10954.json]
[techslideitsolutions.com/wp-json/oembed/1.0/embed4486.json]
[techslideitsolutions.com/wp-json/oembed/1.0/embed527a]
[consulting.stylemixthemes.com/demo/wp-content/uploads/2021/svg/triangle_for_slide_5.svg]
[consulting.stylemixthemes.com/demo/wp-content/uploads/2021/svg/triangle_for_slide_4.svg]
[consulting.stylemixthemes.com/demo/wp-content/uploads/2021/svg/manchester-heading-triangle-1.svg]
[consulting.stylemixthemes.com/demo/wp-content/uploads/2021/svg/manchester_inner_triangle-1.svg]
[consulting.stylemixthemes.com/demo/wp-content/uploads/2021/svg/manchester_inner_circle.svg]
[consulting.stylemixthemes.com/demo/wp-content/uploads/2021/svg/circuit_transparent.svg]
[techslideitsolutions.com/digital-marketing-company/index.html]
[bunny-wp-pullzone-efjkxxbsas.b-cdn.net/wp-content/cache/min/1/wp-content/themes/consulting/assets/css/owl.carousel29ed.css]
[techslideitsolutions.com/blog/e.91.delayed]
[bunny-wp-pullzone-efjkxxbsas.b-cdn.net/wp-includes/css/dist/block-library/style.minb6a4.css]
[bunny-wp-pullzone-efjkxxbsas.b-cdn.net/wp-content/uploads/2024/08/Techslides-Featured-image-1024x550.png]
[techslideitsolutions.com/blog/Firefox/index.html]
[bunny-wp-pullzone-efjkxxbsas.b-cdn.net/wp-content/uploads/2024/08/Techslides-Featured-img-1-1024x550.png]
[techslideitsolutions.com/blog/page/2/index.html]
[techslideitsolutions.com/how-the-best-web-development-company-in-tamilnadu-incorporates-the-latest-trends-for-enhanced-user-experience/index.html]
[techslideitsolutions.com/is-your-business-falling-behind-the-benefits-of-partnering-with-a-digital-marketing-agency/index.html]
[bunny-wp-pullzone-efjkxxbsas.b-cdn.net/wp-content/uploads/2024/07/Tech-fear-img-1024x550.png]
[bunny-wp-pullzone-efjkxxbsas.b-cdn.net/wp-content/uploads/2024/07/Featured-img-tech-1024x550.png]
[techslideitsolutions.com/achieving-industry-leadership-the-best-web-development-company-and-its-top-web-design-services/index.html]
[bunny-wp-pullzone-efjkxxbsas.b-cdn.net/wp-content/uploads/2024/06/techslids-1024x550.png]
[techslideitsolutions.com/empower-your-brand-future-trends-in-digital-marketing-from-top-digital-marketing-companies/index.html]
[bunny-wp-pullzone-efjkxxbsas.b-cdn.net/wp-content/uploads/2024/06/techslides-featured-img-1024x550.png]
[techslideitsolutions.com/content-marketing-strategies-to-earn-consumer-trust-tips-from-a-top-digital-marketing-company-in-tamilnadu/index.html]
[bunny-wp-pullzone-efjkxxbsas.b-cdn.net/wp-content/uploads/2024/06/techslids-feature-img-1024x550.jpg]
[techslideitsolutions.com/why-tamilnadus-leading-web-design-and-digital-marketing-agencies-are-essential-for-your-business/index.html]
[bunny-wp-pullzone-efjkxxbsas.b-cdn.net/wp-content/uploads/2024/06/techslideit-featured-img-1024x550.png]
[techslideitsolutions.com/empowering-startups-with-premier-digital-marketing/index.html]
[bunny-wp-pullzone-efjkxxbsas.b-cdn.net/wp-content/uploads/2024/06/techslide--1024x550.png]
[techslideitsolutions.com/find-the-best-web-development-company-in-tamilnadu-to-boost-your-online-presence-and-get-the-best-web-design-services/index.html]
[bunny-wp-pullzone-efjkxxbsas.b-cdn.net/wp-content/uploads/2023/09/Top-6-SEO-Tips-1110x550.png]
[techslideitsolutions.com/increase-your-online-revenue-with-global-sales-tactics-and-local-feels-tips-from-a-digital-marketing-company/index.html]
[bunny-wp-pullzone-efjkxxbsas.b-cdn.net/wp-content/uploads/2022/04/placeholder.gif]
[techslideitsolutions.com/unlock-the-power-of-seo-top-6-tips-every-marketer-needs-to-know/index.html]
[bunny-wp-pullzone-efjkxxbsas.b-cdn.net/wp-content/uploads/2022/04/placeholder-150x150.gif]
[techslideitsolutions.com/category/seo/index.html]
[techslideitsolutions.com/category/technology/index.html]
[techslideitsolutions.com/category/web-development/index.html]
[techslideitsolutions.com/2024/07/index.html]
[techslideitsolutions.com/2024/08/index.html]
[techslideitsolutions.com/2024/06/index.html]
[techslideitsolutions.com/2023/07/index.html]
[techslideitsolutions.com/2023/09/index.html]
[techslideitsolutions.com/2023/02/index.html]
[techslideitsolutions.com/tag/best-seo-strategies-for-your-small-business/index.html]
[techslideitsolutions.com/tag/best-seo-agency-in-india/index.html]
[techslideitsolutions.com/tag/best-digital-marketing-company-in-tamilnadu/index.html]
[techslideitsolutions.com/tag/best-digital-marketing-agency-in-tamilnadu/index.html]
[techslideitsolutions.com/tag/best-social-media-marketing-service/index.html]
[techslideitsolutions.com/tag/best-web-development-company/index.html]
[techslideitsolutions.com/tag/digital-marketing-company/index.html]
[techslideitsolutions.com/tag/local-seo/index.html]
[techslideitsolutions.com/tag/local-seo-strategies/index.html]
[bunny-wp-pullzone-efjkxxbsas.b-cdn.net/wp-content/uploads/elementor/css/post-527861b.css]
[techslideitsolutions.com/blog/index.html]
[techslideitsolutions.com/tag/seo-services/index.html]
[techslideitsolutions.com/tag/web-design-company/index.html]
[techslideitsolutions.com/tag/seo-tricks-tips/index.html]
[techslideitsolutions.com/tag/seo-plans-for-indian-small-business/index.html]
[techslideitsolutions.com/tag/seo-service-for-wordpress/index.html]
[techslideitsolutions.com/tag/top-web-design-services-in-tamilnadu/index.html]
[techslideitsolutions.com/tag/seo-services-for-small-business/index.html]
[techslideitsolutions.com/digital-marketing-agency/e.a0.delayed]
[bunny-wp-pullzone-efjkxxbsas.b-cdn.net/wp-content/uploads/elementor/css/post-10885a36d.css]
[techslideitsolutions.com/digital-marketing-agency/Firefox/index.html]
[techslideitsolutions.com/wp-json/wp/v2/pages/10885.json]
[techslideitsolutions.com/wp-json/oembed/1.0/embed8e53.json]
[techslideitsolutions.com/wp-json/oembed/1.0/embedf87d]
[bunny-wp-pullzone-efjkxxbsas.b-cdn.net/wp-content/uploads/2023/08/off-1024x858.png]
[bunny-wp-pullzone-efjkxxbsas.b-cdn.net/wp-content/uploads/2022/04/placeholder-1024x683.gif]
[consulting.stylemixthemes.com/demo/wp-content/uploads/2021/svg/manchester_inner_circle_transparent.svg]
[consulting.stylemixthemes.com/demo/wp-content/uploads/2021/svg/manchester_inner_triangle-2.svg]
[bunny-wp-pullzone-efjkxxbsas.b-cdn.net/wp-content/cache/min/1/wp-content/themes/consulting/assets/css/layouts/global_styles/pie_chart029b.css]
[bunny-wp-pullzone-efjkxxbsas.b-cdn.net/wp-content/cache/min/1/wp-content/plugins/consulting-elementor-widgets/assets/css/widgets/company-history/vertical-standard029b.css]
[bunny-wp-pullzone-efjkxxbsas.b-cdn.net/wp-content/cache/min/1/wp-content/plugins/consulting-elementor-widgets/assets/css/widgets/company-history/vertical-side029b.css]
[bunny-wp-pullzone-efjkxxbsas.b-cdn.net/wp-content/cache/min/1/wp-content/plugins/consulting-elementor-widgets/assets/css/widgets/company-history/vertical-alternating029b.css]
[bunny-wp-pullzone-efjkxxbsas.b-cdn.net/wp-content/cache/min/1/wp-content/plugins/consulting-elementor-widgets/assets/css/widgets/company-history/horizontal-standard029b.css]
[bunny-wp-pullzone-efjkxxbsas.b-cdn.net/wp-content/cache/min/1/wp-content/plugins/consulting-elementor-widgets/assets/css/widgets/company-history/horizontal-alternating029b.css]
[bunny-wp-pullzone-efjkxxbsas.b-cdn.net/wp-content/cache/min/1/wp-content/plugins/consulting-elementor-widgets/assets/css/widgets/company-history/horizontal-bottom029b.css]
[techslideitsolutions.com/digital-marketing-agency/index.html]
[techslideitsolutions.com/service/toll-free-number-service-provider/e.b0.delayed]
[bunny-wp-pullzone-efjkxxbsas.b-cdn.net/wp-content/uploads/elementor/css/post-571f54a.css]
[techslideitsolutions.com/wp-json/oembed/1.0/embed0404.json]
[techslideitsolutions.com/service/toll-free-number-service-provider/Firefox/index.html]
[techslideitsolutions.com/wp-json/oembed/1.0/embede4c0]
[bunny-wp-pullzone-efjkxxbsas.b-cdn.net/wp-content/uploads/2020/09/4-1024x683.png]
[bunny-wp-pullzone-efjkxxbsas.b-cdn.net/wp-content/cache/min/1/script/wa-link0459.js]
[bunny-wp-pullzone-efjkxxbsas.b-cdn.net/wp-content/uploads/elementor/css/post-109508f2.css]
[techslideitsolutions.com/service/toll-free-number-service-provider/index.html]
[techslideitsolutions.com/service/payment-gateway-providers-in-india/e.src]
[bunny-wp-pullzone-efjkxxbsas.b-cdn.net/wp-content/uploads/elementor/css/post-569eac7.css]
[bunny-wp-pullzone-efjkxxbsas.b-cdn.net/wp-content/plugins/wpforms/assets/css/wpforms-full.min3e0d.css]
[techslideitsolutions.com/service/payment-gateway-providers-in-india/Firefox/index.html]
[techslideitsolutions.com/wp-json/oembed/1.0/embedb9e3.json]
[techslideitsolutions.com/wp-json/oembed/1.0/embed8b83]
[bunny-wp-pullzone-efjkxxbsas.b-cdn.net/wp-content/cache/min/1/wp-content/plugins/consulting-elementor-widgets/assets/css/widgets/icon-box/standardeaab.css]
[bunny-wp-pullzone-efjkxxbsas.b-cdn.net/wp-content/cache/min/1/wp-content/plugins/consulting-elementor-widgets/assets/css/widgets/icon-box/boxed-top-iconeaab.css]
[bunny-wp-pullzone-efjkxxbsas.b-cdn.net/wp-content/cache/min/1/wp-content/plugins/consulting-elementor-widgets/assets/css/widgets/icon-box/boxed-side-iconeaab.css]
[bunny-wp-pullzone-efjkxxbsas.b-cdn.net/wp-content/cache/min/1/wp-content/plugins/consulting-elementor-widgets/assets/css/widgets/icon-box/boxed-double-iconeaab.css]
[bunny-wp-pullzone-efjkxxbsas.b-cdn.net/wp-content/cache/min/1/wp-content/plugins/consulting-elementor-widgets/assets/css/widgets/icon-box/with-tabseaab.css]
[techslideitsolutions.com/service/payment-gateway-providers-in-india/index.html]
[bunny-wp-pullzone-efjkxxbsas.b-cdn.net/wp-content/plugins/wpforms/pro/assets/css/vendor/intl-tel-input.minb24a.css]
[techslideitsolutions.com/service/integrated-logistics-solutions/e.c2.delayed]
[bunny-wp-pullzone-efjkxxbsas.b-cdn.net/wp-content/uploads/elementor/css/post-567c8df.css]
[techslideitsolutions.com/wp-json/oembed/1.0/embed493b.json]
[techslideitsolutions.com/service/integrated-logistics-solutions/Firefox/index.html]
[techslideitsolutions.com/service/integrated-logistics-solutions/index.html]
[techslideitsolutions.com/wp-json/oembed/1.0/embed6448]
[techslideitsolutions.com/service/best-seo-company-in-tamilnadu/e.src]
[bunny-wp-pullzone-efjkxxbsas.b-cdn.net/wp-content/uploads/elementor/css/post-56608f2.css]
[techslideitsolutions.com/wp-json/oembed/1.0/embed43bd.json]
[techslideitsolutions.com/wp-json/oembed/1.0/embed160f]
[techslideitsolutions.com/service/best-seo-company-in-tamilnadu/Firefox/index.html]
[bunny-wp-pullzone-efjkxxbsas.b-cdn.net/wp-content/uploads/2020/09/6-1024x683.png]
[techslideitsolutions.com/service/best-seo-company-in-tamilnadu/index.html]
[bunny-wp-pullzone-efjkxxbsas.b-cdn.net/wp-content/plugins/wpforms/assets/images/submit-spin.svg]
[techslideitsolutions.com/service/social-media-marketing-services/e.src]
[bunny-wp-pullzone-efjkxxbsas.b-cdn.net/wp-content/uploads/elementor/css/post-5686a23.css]
[techslideitsolutions.com/service/social-media-marketing-services/Firefox/index.html]
[techslideitsolutions.com/wp-json/oembed/1.0/embed8ca2.json]
[techslideitsolutions.com/wp-json/oembed/1.0/embed098a]
[bunny-wp-pullzone-efjkxxbsas.b-cdn.net/wp-content/uploads/2022/05/social-media-marketing-agency.png]
[techslideitsolutions.com/service/social-media-marketing-services/index.html]
[techslideitsolutions.com/service/ecommerce-website-designing-solutions/e.src]
[techslideitsolutions.com/service/web-development-company-in-thanjauvr/index.html]
[bunny-wp-pullzone-efjkxxbsas.b-cdn.net/wp-content/uploads/elementor/css/post-570eaab.css]
[techslideitsolutions.com/wp-json/oembed/1.0/embed353d.json]
[techslideitsolutions.com/service/ecommerce-website-designing-solutions/Firefox/index.html]
[techslideitsolutions.com/wp-json/oembed/1.0/embed8219]
[techslideitsolutions.com/service/ecommerce-website-designing-solutions/index.html]
[bunny-wp-pullzone-efjkxxbsas.b-cdn.net/wp-content/uploads/2020/09/5-1024x683.png]
[techslideitsolutions.com/contact-us/e.src]
[bunny-wp-pullzone-efjkxxbsas.b-cdn.net/wp-content/uploads/elementor/css/post-11848a4e.css]
[techslideitsolutions.com/wp-json/wp/v2/pages/1184.json]
[techslideitsolutions.com/contact-us/Firefox/index.html]
[techslideitsolutions.com/wp-json/oembed/1.0/embed5e1d.json]
[techslideitsolutions.com/contact-us/index.html]
[techslideitsolutions.com/wp-json/oembed/1.0/embedf62b]
[techslideitsolutions.com/terms-and-conditions/e.src]
[techslideitsolutions.com/wp-json/wp/v2/pages/11178.json]
[techslideitsolutions.com/wp-json/oembed/1.0/embedc8bc.json]
[techslideitsolutions.com/terms-and-conditions/Firefox/index.html]
[techslideitsolutions.com/wp-json/oembed/1.0/embed5cfc]
[techslideitsolutions.com/terms-and-conditions/index.html]
[techslideitsolutions.com/privacy-policy/e.src]
[bunny-wp-pullzone-efjkxxbsas.b-cdn.net/wp-content/uploads/elementor/css/post-68854840.css]
[techslideitsolutions.com/wp-json/wp/v2/pages/6885.json]
[techslideitsolutions.com/privacy-policy/Firefox/index.html]
[techslideitsolutions.com/wp-json/oembed/1.0/embed1ac5.json]
[techslideitsolutions.com/wp-json/oembed/1.0/embedaad1]
[bunny-wp-pullzone-efjkxxbsas.b-cdn.net/wp-content/themes/consulting/assets/css/layouts/global_styles/stm_anchors_textb6a4.css]
[techslideitsolutions.com/privacy-policy/index.html]
[techslideitsolutions.com/refund_returns-2/e.src]
[techslideitsolutions.com/wp-json/wp/v2/pages/12.json]
[techslideitsolutions.com/wp-json/oembed/1.0/embed53f4.json]
[techslideitsolutions.com/refund_returns-2/Firefox/index.html]
[techslideitsolutions.com/refund_returns-2/index.html]
[techslideitsolutions.com/shipping-policy.html]
[fonts.googleapis.com/css76ec.css]
[gmpg.org/xfn/.html]
[gmpg.org/xfn/intro.html]
[gmpg.org/xfn/faq.html]
[techslideitsolutions.com/digital-marketing-company/Firefox/index.html]
[techslideitsolutions.com/index7471.html]
[techslideitsolutions.com/blog/Firefox/index.html]
[techslideitsolutions.com/wp-json/oembed/1.0/embed1b92]
[techslideitsolutions.com/blog/page/2/e.src]
[techslideitsolutions.com/wp-content/plugins/woocommerce/assets/fonts/Inter-VariableFont_slnt,wght.woff2]
[bunny-wp-pullzone-efjkxxbsas.b-cdn.net/wp-content/uploads/2023/02/ee39a390975c3b3c65a20345c5069b7c.png]
[bunny-wp-pullzone-efjkxxbsas.b-cdn.net/wp-content/uploads/2023/02/seo-services-for-small-business-in-india-1110x550.jpg]
[techslideitsolutions.com/local-seo-strategies-to-help-small-businesses-grow/index.html]
[techslideitsolutions.com/blog/page/2/index.html]
[techslideitsolutions.com/blog/page/2/Firefox/index.html]
[techslideitsolutions.com/unlocking-the-secrets-of-seo-a-guide-for-small-business-owners/index.html]
[techslideitsolutions.com/how-the-best-web-development-company-in-tamilnadu-incorporates-the-latest-trends-for-enhanced-user-experience/e.ed.delayed]
[techslideitsolutions.com/wp-json/wp/v2/posts/13257.json]
[techslideitsolutions.com/how-the-best-web-development-company-in-tamilnadu-incorporates-the-latest-trends-for-enhanced-user-experience/Firefox/index.html]
[techslideitsolutions.com/wp-json/oembed/1.0/embed5b40.json]
[techslideitsolutions.com/wp-json/oembed/1.0/embedd10e]
[techslideitsolutions.com/how-the-best-web-development-company-in-tamilnadu-incorporates-the-latest-trends-for-enhanced-user-experience/index.html]
[techslideitsolutions.com/is-your-business-falling-behind-the-benefits-of-partnering-with-a-digital-marketing-agency/e.src]
[techslideitsolutions.com/wp-json/wp/v2/posts/13248.json]
[techslideitsolutions.com/wp-json/oembed/1.0/embed4b7d.json]
[techslideitsolutions.com/is-your-business-falling-behind-the-benefits-of-partnering-with-a-digital-marketing-agency/Firefox/index.html]
[techslideitsolutions.com/is-your-business-falling-behind-the-benefits-of-partnering-with-a-digital-marketing-agency/index.html]
[techslideitsolutions.com/wp-json/oembed/1.0/embed4388]
[techslideitsolutions.com/achieving-industry-leadership-the-best-web-development-company-and-its-top-web-design-services/e.src]
[techslideitsolutions.com/wp-json/wp/v2/posts/13240.json]
[techslideitsolutions.com/wp-json/oembed/1.0/embeda430.json]
[techslideitsolutions.com/wp-json/oembed/1.0/embed3df2]
[techslideitsolutions.com/achieving-industry-leadership-the-best-web-development-company-and-its-top-web-design-services/index.html]
[techslideitsolutions.com/achieving-industry-leadership-the-best-web-development-company-and-its-top-web-design-services/Firefox/index.html]
[techslideitsolutions.com/empower-your-brand-future-trends-in-digital-marketing-from-top-digital-marketing-companies/e.src]
[techslideitsolutions.com/wp-json/wp/v2/posts/13184.json]
[techslideitsolutions.com/wp-json/oembed/1.0/embed827e.json]
[techslideitsolutions.com/empower-your-brand-future-trends-in-digital-marketing-from-top-digital-marketing-companies/Firefox/index.html]
[techslideitsolutions.com/wp-json/oembed/1.0/embedd395]
[bunny-wp-pullzone-efjkxxbsas.b-cdn.net/wp-content/uploads/2024/07/tech-img-1-1-1024x536.png]
[techslideitsolutions.com/empower-your-brand-future-trends-in-digital-marketing-from-top-digital-marketing-companies/index.html]
[techslideitsolutions.com/content-marketing-strategies-to-earn-consumer-trust-tips-from-a-top-digital-marketing-company-in-tamilnadu/e.src]
[techslideitsolutions.com/wp-json/wp/v2/posts/13180.json]
[techslideitsolutions.com/wp-json/oembed/1.0/embedd73e.json]
[techslideitsolutions.com/content-marketing-strategies-to-earn-consumer-trust-tips-from-a-top-digital-marketing-company-in-tamilnadu/Firefox/index.html]
[techslideitsolutions.com/wp-json/oembed/1.0/embedd243]
[bunny-wp-pullzone-efjkxxbsas.b-cdn.net/wp-content/uploads/2024/06/tech-img-1-1024x536.png]
[techslideitsolutions.com/content-marketing-strategies-to-earn-consumer-trust-tips-from-a-top-digital-marketing-company-in-tamilnadu/index.html]
[techslideitsolutions.com/why-tamilnadus-leading-web-design-and-digital-marketing-agencies-are-essential-for-your-business/e.src]
[techslideitsolutions.com/wp-json/wp/v2/posts/13172.json]
[techslideitsolutions.com/wp-json/oembed/1.0/embed23c6.json]
[techslideitsolutions.com/why-tamilnadus-leading-web-design-and-digital-marketing-agencies-are-essential-for-your-business/Firefox/index.html]
[techslideitsolutions.com/wp-json/oembed/1.0/embedea9e]
[bunny-wp-pullzone-efjkxxbsas.b-cdn.net/wp-content/uploads/2024/06/techslide-img-1024x536.png]
[techslideitsolutions.com/why-tamilnadus-leading-web-design-and-digital-marketing-agencies-are-essential-for-your-business/index.html]
[techslideitsolutions.com/empowering-startups-with-premier-digital-marketing/e.src]
[techslideitsolutions.com/wp-json/wp/v2/posts/13168.json]
[techslideitsolutions.com/wp-json/oembed/1.0/embed84ac.json]
[techslideitsolutions.com/empowering-startups-with-premier-digital-marketing/Firefox/index.html]
[techslideitsolutions.com/wp-json/oembed/1.0/embed3f43]
[bunny-wp-pullzone-efjkxxbsas.b-cdn.net/wp-content/uploads/2024/06/Image-1024x536.png]
[techslideitsolutions.com/empowering-startups-with-premier-digital-marketing/index.html]
[techslideitsolutions.com/find-the-best-web-development-company-in-tamilnadu-to-boost-your-online-presence-and-get-the-best-web-design-services/e.src]
[techslideitsolutions.com/wp-json/wp/v2/posts/13162.json]
[techslideitsolutions.com/wp-json/oembed/1.0/embedc3bb.json]
[techslideitsolutions.com/find-the-best-web-development-company-in-tamilnadu-to-boost-your-online-presence-and-get-the-best-web-design-services/Firefox/index.html]
[techslideitsolutions.com/wp-json/oembed/1.0/embedd123]
[bunny-wp-pullzone-efjkxxbsas.b-cdn.net/wp-content/uploads/2024/06/tech-img-1024x536.png]
[techslideitsolutions.com/find-the-best-web-development-company-in-tamilnadu-to-boost-your-online-presence-and-get-the-best-web-design-services/index.html]
[techslideitsolutions.com/increase-your-online-revenue-with-global-sales-tactics-and-local-feels-tips-from-a-digital-marketing-company/e.src]
[techslideitsolutions.com/wp-json/wp/v2/posts/13155.json]
[techslideitsolutions.com/wp-json/oembed/1.0/embedb6e1.json]
[techslideitsolutions.com/increase-your-online-revenue-with-global-sales-tactics-and-local-feels-tips-from-a-digital-marketing-company/Firefox/index.html]
[techslideitsolutions.com/wp-json/oembed/1.0/embed008e]
[bunny-wp-pullzone-efjkxxbsas.b-cdn.net/wp-content/uploads/2024/06/techslides-img-1024x536.png]
[techslideitsolutions.com/increase-your-online-revenue-with-global-sales-tactics-and-local-feels-tips-from-a-digital-marketing-company/index.html]
[techslideitsolutions.com/unlock-the-power-of-seo-top-6-tips-every-marketer-needs-to-know/e.src]
[techslideitsolutions.com/wp-json/wp/v2/posts/12960.json]
[techslideitsolutions.com/wp-json/oembed/1.0/embedd0ff.json]
[techslideitsolutions.com/unlock-the-power-of-seo-top-6-tips-every-marketer-needs-to-know/Firefox/index.html]
[techslideitsolutions.com/unlock-the-power-of-seo-top-6-tips-every-marketer-needs-to-know/index.html]
[techslideitsolutions.com/wp-json/oembed/1.0/embedf65c]
[techslideitsolutions.com/category/seo/e.src]
[techslideitsolutions.com/wp-json/wp/v2/categories/114.json]
[techslideitsolutions.com/category/seo/index.html]
[techslideitsolutions.com/category/seo/feed/index.html]
[techslideitsolutions.com/category/seo/Firefox/index.html]
[techslideitsolutions.com/category/technology/e.src]
[techslideitsolutions.com/wp-json/wp/v2/categories/118.json]
[techslideitsolutions.com/category/technology/index.html]
[techslideitsolutions.com/category/technology/feed/index.html]
[techslideitsolutions.com/category/technology/Firefox/index.html]
[techslideitsolutions.com/category/web-development/e.src]
[techslideitsolutions.com/wp-json/wp/v2/categories/113.json]
[techslideitsolutions.com/category/web-development/index.html]
[techslideitsolutions.com/category/web-development/feed/index.html]
[techslideitsolutions.com/category/web-development/Firefox/index.html]
[techslideitsolutions.com/2024/08/e.src]
[techslideitsolutions.com/2024/08/index.html]
[techslideitsolutions.com/2024/07/e.src]
[techslideitsolutions.com/2024/07/index.html]
[techslideitsolutions.com/2024/08/Firefox/index.html]
[techslideitsolutions.com/2024/07/Firefox/index.html]
[techslideitsolutions.com/2024/06/e.src]
[techslideitsolutions.com/2024/06/index.html]
[techslideitsolutions.com/2024/06/Firefox/index.html]
[techslideitsolutions.com/2023/09/e.src]
[techslideitsolutions.com/2023/09/index.html]
[techslideitsolutions.com/2023/09/Firefox/index.html]
[techslideitsolutions.com/2023/07/e.src]
[techslideitsolutions.com/2023/07/index.html]
[techslideitsolutions.com/2023/07/Firefox/index.html]
[techslideitsolutions.com/2023/02/e.src]
[techslideitsolutions.com/2023/02/index.html]
[techslideitsolutions.com/2023/02/Firefox/index.html]
[techslideitsolutions.com/tag/best-digital-marketing-agency-in-tamilnadu/e.src]
[techslideitsolutions.com/wp-json/wp/v2/tags/160.json]
[techslideitsolutions.com/tag/best-digital-marketing-agency-in-tamilnadu/index.html]
[techslideitsolutions.com/tag/best-digital-marketing-agency-in-tamilnadu/feed/index.html]
[techslideitsolutions.com/tag/best-digital-marketing-agency-in-tamilnadu/Firefox/index.html]
[techslideitsolutions.com/tag/best-digital-marketing-company-in-tamilnadu/e.129.delayed]
[techslideitsolutions.com/wp-json/wp/v2/tags/164.json]
[techslideitsolutions.com/tag/best-digital-marketing-company-in-tamilnadu/index.html]
[techslideitsolutions.com/tag/best-digital-marketing-company-in-tamilnadu/feed/index.html]
[techslideitsolutions.com/tag/best-digital-marketing-company-in-tamilnadu/Firefox/index.html]
[techslideitsolutions.com/tag/best-seo-agency-in-india/e.src]
[techslideitsolutions.com/wp-json/wp/v2/tags/128.json]
[techslideitsolutions.com/tag/best-seo-agency-in-india/index.html]
[techslideitsolutions.com/tag/best-seo-agency-in-india/feed/index.html]
[techslideitsolutions.com/tag/best-seo-agency-in-india/Firefox/index.html]
[techslideitsolutions.com/tag/best-seo-strategies-for-your-small-business/e.src]
[techslideitsolutions.com/wp-json/wp/v2/tags/129.json]
[techslideitsolutions.com/tag/best-seo-strategies-for-your-small-business/index.html]
[techslideitsolutions.com/tag/best-seo-strategies-for-your-small-business/feed/index.html]
[techslideitsolutions.com/tag/best-social-media-marketing-service/e.src]
[techslideitsolutions.com/tag/best-seo-strategies-for-your-small-business/Firefox/index.html]
[techslideitsolutions.com/wp-json/wp/v2/tags/161.json]
[techslideitsolutions.com/tag/best-social-media-marketing-service/index.html]
[techslideitsolutions.com/tag/best-social-media-marketing-service/feed/index.html]
[techslideitsolutions.com/tag/best-web-development-company/e.src]
[techslideitsolutions.com/tag/best-social-media-marketing-service/Firefox/index.html]
[techslideitsolutions.com/wp-json/wp/v2/tags/162.json]
[techslideitsolutions.com/tag/best-web-development-company/index.html]
[techslideitsolutions.com/tag/best-web-development-company/feed/index.html]
[techslideitsolutions.com/tag/best-web-development-company/Firefox/index.html]
[techslideitsolutions.com/tag/digital-marketing-company/e.src]
[techslideitsolutions.com/wp-json/wp/v2/tags/158.json]
[techslideitsolutions.com/tag/digital-marketing-company/index.html]
[techslideitsolutions.com/tag/digital-marketing-company/feed/index.html]
[techslideitsolutions.com/tag/digital-marketing-company/Firefox/index.html]
[techslideitsolutions.com/tag/local-seo/e.src]
[techslideitsolutions.com/wp-json/wp/v2/tags/130.json]
[techslideitsolutions.com/tag/local-seo/index.html]
[techslideitsolutions.com/tag/local-seo/feed/index.html]
[techslideitsolutions.com/tag/local-seo/Firefox/index.html]
[techslideitsolutions.com/tag/local-seo-strategies/e.src]
[techslideitsolutions.com/wp-json/wp/v2/tags/131.json]
[techslideitsolutions.com/tag/local-seo-strategies/index.html]
[techslideitsolutions.com/tag/local-seo-strategies/feed/index.html]
[techslideitsolutions.com/tag/local-seo-strategies/Firefox/index.html]
[techslideitsolutions.com/tag/seo-plans-for-indian-small-business/e.src]
[techslideitsolutions.com/wp-json/wp/v2/tags/121.json]
[techslideitsolutions.com/tag/seo-plans-for-indian-small-business/index.html]
[techslideitsolutions.com/tag/seo-plans-for-indian-small-business/feed/index.html]
[techslideitsolutions.com/tag/seo-plans-for-indian-small-business/Firefox/index.html]
[techslideitsolutions.com/tag/seo-service-for-wordpress/e.src]
[techslideitsolutions.com/wp-json/wp/v2/tags/122.json]
[techslideitsolutions.com/tag/seo-service-for-wordpress/index.html]
[techslideitsolutions.com/tag/seo-service-for-wordpress/feed/index.html]
[techslideitsolutions.com/tag/seo-service-for-wordpress/Firefox/index.html]
[techslideitsolutions.com/tag/seo-services/e.src]
[techslideitsolutions.com/wp-json/wp/v2/tags/123.json]
[techslideitsolutions.com/tag/seo-services/index.html]
[techslideitsolutions.com/tag/seo-services/feed/index.html]
[techslideitsolutions.com/tag/seo-services/Firefox/index.html]
[techslideitsolutions.com/tag/seo-services-for-small-business/e.src]
[techslideitsolutions.com/wp-json/wp/v2/tags/120.json]
[techslideitsolutions.com/tag/seo-services-for-small-business/index.html]
[techslideitsolutions.com/tag/seo-services-for-small-business/feed/index.html]
[techslideitsolutions.com/tag/seo-services-for-small-business/Firefox/index.html]
[techslideitsolutions.com/tag/seo-tricks-tips/e.src]
[techslideitsolutions.com/tag/seo-tricks-tips/feed/index.html]
[techslideitsolutions.com/wp-json/wp/v2/tags/157.json]
[techslideitsolutions.com/tag/seo-tricks-tips/index.html]
[techslideitsolutions.com/tag/seo-tricks-tips/Firefox/index.html]
[techslideitsolutions.com/tag/top-web-design-services-in-tamilnadu/e.src]
[techslideitsolutions.com/wp-json/wp/v2/tags/163.json]
[techslideitsolutions.com/tag/top-web-design-services-in-tamilnadu/index.html]
[techslideitsolutions.com/tag/top-web-design-services-in-tamilnadu/feed/index.html]
[techslideitsolutions.com/tag/top-web-design-services-in-tamilnadu/Firefox/index.html]
[techslideitsolutions.com/tag/web-design-company/e.src]
[techslideitsolutions.com/wp-json/wp/v2/tags/159.json]
[techslideitsolutions.com/tag/web-design-company/index.html]
[techslideitsolutions.com/digital-marketing-agency/Firefox/index.html]
[techslideitsolutions.com/index4c38.html]
[techslideitsolutions.com/service/toll-free-number-service-provider/Firefox/index.html]
[techslideitsolutions.com/index62bf.html]
[techslideitsolutions.com/service/payment-gateway-providers-in-india/Firefox/index.html]
[techslideitsolutions.com/index475a.html]
[techslideitsolutions.com/index.php/contact-us/index.html]
[techslideitsolutions.com/service/integrated-logistics-solutions/Firefox/index.html]
[techslideitsolutions.com/index246f.html]
[techslideitsolutions.com/service/best-seo-company-in-tamilnadu/Firefox/index.html]
[techslideitsolutions.com/index5f97.html]
[techslideitsolutions.com/service/social-media-marketing-services/Firefox/index.html]
[techslideitsolutions.com/index3a5c.html]
[techslideitsolutions.com/service/ecommerce-website-designing-solutions/Firefox/index.html]
[techslideitsolutions.com/indexfa8d.html]
[techslideitsolutions.com/service/result-assured-seo-services/index.html]
[techslideitsolutions.com/contact-us/Firefox/index.html]
[techslideitsolutions.com/index0ae6.html]
[techslideitsolutions.com/terms-and-conditions/Firefox/index.html]
[techslideitsolutions.com/indexbcd4.html]
[techslideitsolutions.com/privacy-policy/Firefox/index.html]
[techslideitsolutions.com/indexd06d.html]
[techslideitsolutions.com/refund_returns-2/Firefox/index.html]
[techslideitsolutions.com/index678b.html]
[techslideitsolutions.com/blog/page/2/Firefox/index.html]
[techslideitsolutions.com/tag/web-design-company/feed/index.html]
[techslideitsolutions.com/tag/web-design-company/Firefox/index.html]
[techslideitsolutions.com/service/web-development-company-in-thanjauvr/index.html]
[techslideitsolutions.com/local-seo-strategies-to-help-small-businesses-grow/e.147.delayed]
[techslideitsolutions.com/wp-json/wp/v2/posts/11956.json]
[techslideitsolutions.com/local-seo-strategies-to-help-small-businesses-grow/Firefox/index.html]
[techslideitsolutions.com/wp-json/oembed/1.0/embede344.json]
[techslideitsolutions.com/wp-json/oembed/1.0/embed04a4]
[techslideitsolutions.com/local-seo-strategies-to-help-small-businesses-grow/index.html]
[techslideitsolutions.com/unlocking-the-secrets-of-seo-a-guide-for-small-business-owners/e.src]
[techslideitsolutions.com/wp-json/wp/v2/posts/11948.json]
[techslideitsolutions.com/unlocking-the-secrets-of-seo-a-guide-for-small-business-owners/Firefox/index.html]
[techslideitsolutions.com/wp-json/oembed/1.0/embed53a5.json]
[techslideitsolutions.com/wp-json/oembed/1.0/embedf07f]
[bunny-wp-pullzone-efjkxxbsas.b-cdn.net/wp-content/uploads/2023/02/bb2e291438d1f6b5e358a9d82cef2b17.png]
[techslideitsolutions.com/unlocking-the-secrets-of-seo-a-guide-for-small-business-owners/index.html]
[techslideitsolutions.com/how-the-best-web-development-company-in-tamilnadu-incorporates-the-latest-trends-for-enhanced-user-experience/Firefox/index.html]
[techslideitsolutions.com/index17db.html]
[techslideitsolutions.com/is-your-business-falling-behind-the-benefits-of-partnering-with-a-digital-marketing-agency/Firefox/index.html]
[techslideitsolutions.com/indexca7c.html]
[techslideitsolutions.com/achieving-industry-leadership-the-best-web-development-company-and-its-top-web-design-services/Firefox/index.html]
[techslideitsolutions.com/indexd2aa.html]
[techslideitsolutions.com/empower-your-brand-future-trends-in-digital-marketing-from-top-digital-marketing-companies/Firefox/index.html]
[techslideitsolutions.com/indexaf42.html]
[techslideitsolutions.com/content-marketing-strategies-to-earn-consumer-trust-tips-from-a-top-digital-marketing-company-in-tamilnadu/Firefox/index.html]
[techslideitsolutions.com/index688d.html]
[techslideitsolutions.com/why-tamilnadus-leading-web-design-and-digital-marketing-agencies-are-essential-for-your-business/Firefox/index.html]
[techslideitsolutions.com/indexb50e.html]
[techslideitsolutions.com/empowering-startups-with-premier-digital-marketing/Firefox/index.html]
[techslideitsolutions.com/index24cd.html]
[techslideitsolutions.com/find-the-best-web-development-company-in-tamilnadu-to-boost-your-online-presence-and-get-the-best-web-design-services/Firefox/index.html]
[techslideitsolutions.com/index79a8.html]
[techslideitsolutions.com/increase-your-online-revenue-with-global-sales-tactics-and-local-feels-tips-from-a-digital-marketing-company/Firefox/index.html]
[techslideitsolutions.com/index0c74.html]
[techslideitsolutions.com/unlock-the-power-of-seo-top-6-tips-every-marketer-needs-to-know/Firefox/index.html]
[techslideitsolutions.com/indexeeb1.html]
[techslideitsolutions.com/category/seo/Firefox/index.html]
[techslideitsolutions.com/category/technology/Firefox/index.html]
[techslideitsolutions.com/category/web-development/Firefox/index.html]
[techslideitsolutions.com/2024/08/Firefox/index.html]
[techslideitsolutions.com/2024/07/Firefox/index.html]
[techslideitsolutions.com/2024/06/Firefox/index.html]
[techslideitsolutions.com/2023/09/Firefox/index.html]
[techslideitsolutions.com/2023/07/Firefox/index.html]
[techslideitsolutions.com/2023/02/Firefox/index.html]
[techslideitsolutions.com/tag/best-digital-marketing-agency-in-tamilnadu/Firefox/index.html]
[techslideitsolutions.com/tag/best-digital-marketing-company-in-tamilnadu/Firefox/index.html]
[techslideitsolutions.com/tag/best-seo-agency-in-india/Firefox/index.html]
[techslideitsolutions.com/tag/best-seo-strategies-for-your-small-business/Firefox/index.html]
[techslideitsolutions.com/tag/best-social-media-marketing-service/Firefox/index.html]
[techslideitsolutions.com/tag/best-web-development-company/Firefox/index.html]
[techslideitsolutions.com/tag/digital-marketing-company/Firefox/index.html]
[techslideitsolutions.com/tag/local-seo/Firefox/index.html]
[techslideitsolutions.com/tag/local-seo-strategies/Firefox/index.html]
[techslideitsolutions.com/tag/seo-plans-for-indian-small-business/Firefox/index.html]
[techslideitsolutions.com/tag/seo-service-for-wordpress/Firefox/index.html]
[techslideitsolutions.com/tag/seo-services/Firefox/index.html]
[techslideitsolutions.com/tag/seo-services-for-small-business/Firefox/index.html]
[techslideitsolutions.com/tag/seo-tricks-tips/Firefox/index.html]
[techslideitsolutions.com/tag/top-web-design-services-in-tamilnadu/Firefox/index.html]
[techslideitsolutions.com/tag/web-design-company/Firefox/index.html]
[techslideitsolutions.com/service/web-development-company-in-thanjauvr/index.html]
[techslideitsolutions.com/local-seo-strategies-to-help-small-businesses-grow/Firefox/index.html]
[techslideitsolutions.com/index981e.html]
[techslideitsolutions.com/unlocking-the-secrets-of-seo-a-guide-for-small-business-owners/Firefox/index.html]
[techslideitsolutions.com/index578e.html]
[techslideitsolutions.com/e.html]
[techslideitsolutions.com/feed/index.html]
[techslideitsolutions.com/wp-json/index.html]
[bunny-wp-pullzone-efjkxxbsas.b-cdn.net/index.html]
[techslideitsolutions.com/wp-json/oembed/1.0/embedccb2.json]
[techslideitsolutions.com/wp-json/oembed/1.0/embedcc2c]
[bunny-wp-pullzone-efjkxxbsas.b-cdn.net/wp-content/cache/min/1/wp-content/plugins/wpf-drop-uploader/css/drop_uploader861b.css]
[techslideitsolutions.com/wp-json/wp/v2/pages/7469.json]
[bunny-wp-pullzone-efjkxxbsas.b-cdn.net/wp-content/uploads/2023/06/cropped-new-logo-HQ-1-bg-180x180.png]
[bunny-wp-pullzone-efjkxxbsas.b-cdn.net/wp-content/uploads/2023/06/New-Logo-3.jpg]
[bunny-wp-pullzone-efjkxxbsas.b-cdn.net/wp-content/uploads/2022/04/webdesigns.png]
[bunny-wp-pullzone-efjkxxbsas.b-cdn.net/wp-content/uploads/2020/09/4.png]
[bunny-wp-pullzone-efjkxxbsas.b-cdn.net/wp-content/uploads/2020/09/7.png]
[techslideitsolutions.com/xmlrpc0db0.php]
[bunny-wp-pullzone-efjkxxbsas.b-cdn.net/wp-content/uploads/2023/06/cropped-new-logo-HQ-1-bg-32x32.png]
[bunny-wp-pullzone-efjkxxbsas.b-cdn.net/wp-content/uploads/2023/06/cropped-new-logo-HQ-1-bg-192x192.png]
[bunny-wp-pullzone-efjkxxbsas.b-cdn.net/wp-content/uploads/2022/04/6.png]
[bunny-wp-pullzone-efjkxxbsas.b-cdn.net/wp-content/uploads/2022/04/2.png]
[bunny-wp-pullzone-efjkxxbsas.b-cdn.net/wp-content/uploads/2020/09/6.png]
[bunny-wp-pullzone-efjkxxbsas.b-cdn.net/wp-content/uploads/2020/09/2.png]
[bunny-wp-pullzone-efjkxxbsas.b-cdn.net/wp-content/uploads/2021/08/myop-india-dials-logo.png]
[bunny-wp-pullzone-efjkxxbsas.b-cdn.net/wp-content/uploads/2021/08/web3.png]
[bunny-wp-pullzone-efjkxxbsas.b-cdn.net/wp-content/cache/min/1/wp-content/plugins/wpf-drop-uploader/pe-icon-7-stroke/css/pe-icon-7-stroke861b.css]
[bunny-wp-pullzone-efjkxxbsas.b-cdn.net/wp-content/plugins/wp-rocket/assets/js/lazyload/17.5/lazyload.min.js]
[bunny-wp-pullzone-efjkxxbsas.b-cdn.net/wp-content/plugins/wpf-drop-uploader/pe-icon-7-stroke/fonts/Pe-icon-7-strokebb1d.svg]
[bunny-wp-pullzone-efjkxxbsas.b-cdn.net/wp-content/cache/min/1/wp-content/plugins/header-footer-elementor/inc/widgets-css/frontend861b.css]
[embed.tawk.to/_s/v4/app/66909c6d5c9/js/twk-vendor.js]
[embed.tawk.to/_s/v4/app/66909c6d5c9/js/twk-app.js]
[bunny-wp-pullzone-efjkxxbsas.b-cdn.net/wp-includes/css/dist/components/style.minb6a4.css]
[embed.tawk.to/_s/v4/app/66909c6d5c9/js/twk-runtime.js]
[embed.tawk.to/_s/v4/app/66909c6d5c9/js/twk-iterator-polyfill.js]
[bunny-wp-pullzone-efjkxxbsas.b-cdn.net/wp-includes/css/dist/preferences/style.minb6a4.css]
[embed.tawk.to/_s/v4/app/66909c6d5c9/js/twk-promise-polyfill.js]
[embed.tawk.to/_s/v4/app/66909c6d5c9/js/twk-chunk-vendors.js]
[embed.tawk.to/_s/v4/app/66909c6d5c9/js/twk-event-polyfill.js]
[embed.tawk.to/_s/v4/app/66909c6d5c9/js/twk-entries-polyfill.js]
[bunny-wp-pullzone-efjkxxbsas.b-cdn.net/wp-includes/css/dist/block-editor/style.minb6a4.css]
[embed.tawk.to/_s/v4/app/66909c6d5c9/js/twk-object-values-polyfill.js]
[embed.tawk.to/_s/v4/app/66909c6d5c9/js/twk-chunk-common.js]
[embed.tawk.to/_s/v4/app/66909c6d5c9/js/twk-arr-find-polyfill.js]
[bunny-wp-pullzone-efjkxxbsas.b-cdn.net/wp-content/uploads/2024/08/Techslides-Featured-img-1-1024x550.png]
[bunny-wp-pullzone-efjkxxbsas.b-cdn.net/wp-includes/css/dist/reusable-blocks/style.minb6a4.css]
[bunny-wp-pullzone-efjkxxbsas.b-cdn.net/wp-content/uploads/2024/07/Tech-fear-img-1024x550.png]
[techslideitsolutions.com/wp-json/wp/v2/pages/10954.json]
[bunny-wp-pullzone-efjkxxbsas.b-cdn.net/wp-includes/css/dist/patterns/style.minb6a4.css]
[bunny-wp-pullzone-efjkxxbsas.b-cdn.net/wp-content/uploads/2024/06/techslide--1024x550.png]
[bunny-wp-pullzone-efjkxxbsas.b-cdn.net/wp-content/uploads/2023/09/Top-6-SEO-Tips-1110x550.png]
[bunny-wp-pullzone-efjkxxbsas.b-cdn.net/wp-includes/css/dist/editor/style.minb6a4.css]
[bunny-wp-pullzone-efjkxxbsas.b-cdn.net/wp-content/uploads/2022/04/placeholder.gif]
[techslideitsolutions.com/wp-json/wp/v2/pages/10885.json]
[bunny-wp-pullzone-efjkxxbsas.b-cdn.net/wp-content/plugins/whatsapp-for-wordpress/dist/blocks.style.buildb6a4.html]
[bunny-wp-pullzone-efjkxxbsas.b-cdn.net/wp-content/uploads/2020/09/8.png]
[bunny-wp-pullzone-efjkxxbsas.b-cdn.net/wp-content/uploads/2020/09/1.png]
[bunny-wp-pullzone-efjkxxbsas.b-cdn.net/wp-content/uploads/2020/09/5.png]
[bunny-wp-pullzone-efjkxxbsas.b-cdn.net/wp-content/cache/min/1/wp-content/plugins/contact-form-7/includes/css/styles861b.css]
[bunny-wp-pullzone-efjkxxbsas.b-cdn.net/wp-content/uploads/2022/04/placeholder-1024x683.gif]
[bunny-wp-pullzone-efjkxxbsas.b-cdn.net/wp-content/uploads/2021/08/badge.png]
[bunny-wp-pullzone-efjkxxbsas.b-cdn.net/wp-content/uploads/2020/09/4-1024x683.png]
[techslideitsolutions.com/wp-json/oembed/1.0/embede4c0]
[bunny-wp-pullzone-efjkxxbsas.b-cdn.net/wp-content/uploads/2024/08/Techslides-Featured-image-1024x550.png]
[bunny-wp-pullzone-efjkxxbsas.b-cdn.net/wp-content/uploads/2024/06/techslids-1024x550.png]
[bunny-wp-pullzone-efjkxxbsas.b-cdn.net/wp-content/uploads/2024/06/techslideit-featured-img-1024x550.png]
[bunny-wp-pullzone-efjkxxbsas.b-cdn.net/wp-content/uploads/2023/08/off-1024x858.png]
[techslideitsolutions.com/wp-json/oembed/1.0/embedb9e3.json]
[techslideitsolutions.com/wp-json/oembed/1.0/embed8b83]
[techslideitsolutions.com/wp-json/oembed/1.0/embed6448]
[techslideitsolutions.com/wp-json/oembed/1.0/embed8219]
[techslideitsolutions.com/wp-json/wp/v2/pages/1184.json]
[bunny-wp-pullzone-efjkxxbsas.b-cdn.net/wp-content/uploads/2020/09/6-1024x683.png]
[bunny-wp-pullzone-efjkxxbsas.b-cdn.net/wp-content/uploads/2022/05/social-media-marketing-agency.png]
[bunny-wp-pullzone-efjkxxbsas.b-cdn.net/wp-content/uploads/2020/09/5-1024x683.png]
[techslideitsolutions.com/wp-json/oembed/1.0/embedf62b]
[techslideitsolutions.com/wp-json/oembed/1.0/embed5e1d.json]
[bunny-wp-pullzone-efjkxxbsas.b-cdn.net/wp-content/cache/min/1/wp-content/uploads/stm_fonts/stm/stm861b.css]
[techslideitsolutions.com/wp-json/oembed/1.0/embed1b92]
[techslideitsolutions.com/wp-json/wp/v2/pages/11178.json]
[techslideitsolutions.com/wp-json/wp/v2/pages/6885.json]
[bunny-wp-pullzone-efjkxxbsas.b-cdn.net/wp-content/cache/min/1/wp-content/plugins/eroom-zoom-meetings-webinar/assets/css/frontend/main861b.css]
[techslideitsolutions.com/wp-json/oembed/1.0/embed4388]
[techslideitsolutions.com/wp-json/wp/v2/posts/13257.json]
[techslideitsolutions.com/wp-json/wp/v2/posts/13248.json]
[techslideitsolutions.com/wp-json/wp/v2/posts/13240.json]
[techslideitsolutions.com/wp-json/wp/v2/posts/13184.json]
[bunny-wp-pullzone-efjkxxbsas.b-cdn.net/wp-content/uploads/2023/02/ee39a390975c3b3c65a20345c5069b7c.png]
[bunny-wp-pullzone-efjkxxbsas.b-cdn.net/wp-content/uploads/2023/02/seo-services-for-small-business-in-india-1110x550.jpg]
[techslideitsolutions.com/wp-json/wp/v2/posts/13180.json]
[bunny-wp-pullzone-efjkxxbsas.b-cdn.net/wp-content/uploads/stm_fonts/stm/stm2ae1.svg]
[bunny-wp-pullzone-efjkxxbsas.b-cdn.net/wp-content/plugins/whatsapp-for-wordpress/assets/img/whatsapp_logo_green.svg]
[bunny-wp-pullzone-efjkxxbsas.b-cdn.net/wp-content/uploads/2024/07/tech-img-1-1-1024x536.png]
[techslideitsolutions.com/wp-json/wp/v2/posts/13172.json]
[techslideitsolutions.com/wp-json/wp/v2/posts/13168.json]
[bunny-wp-pullzone-efjkxxbsas.b-cdn.net/wp-content/uploads/2024/06/Image-1024x536.png]
[bunny-wp-pullzone-efjkxxbsas.b-cdn.net/wp-content/uploads/2024/06/techslide-img-1024x536.png]
[bunny-wp-pullzone-efjkxxbsas.b-cdn.net/wp-content/uploads/2024/06/tech-img-1-1024x536.png]
[bunny-wp-pullzone-efjkxxbsas.b-cdn.net/wp-content/uploads/2024/06/tech-img-1024x536.png]
[bunny-wp-pullzone-efjkxxbsas.b-cdn.net/wp-content/plugins/whatsapp-for-wordpress/assets/img/whatsapp_logo_gray.svg]
[techslideitsolutions.com/wp-json/oembed/1.0/embedf65c]
[techslideitsolutions.com/wp-json/wp/v2/posts/13162.json]
[techslideitsolutions.com/wp-json/wp/v2/posts/13155.json]
[techslideitsolutions.com/category/technology/feed/index.html]
[techslideitsolutions.com/category/seo/feed/index.html]
[techslideitsolutions.com/category/web-development/feed/index.html]
[techslideitsolutions.com/tag/best-digital-marketing-agency-in-tamilnadu/feed/index.html]
[bunny-wp-pullzone-efjkxxbsas.b-cdn.net/wp-content/plugins/whatsapp-for-wordpress/assets/img/whatsapp_logo.svg]
[bunny-wp-pullzone-efjkxxbsas.b-cdn.net/wp-content/uploads/2024/06/techslides-img-1024x536.png]
[techslideitsolutions.com/tag/best-digital-marketing-company-in-tamilnadu/feed/index.html]
[techslideitsolutions.com/tag/best-seo-agency-in-india/feed/index.html]
[techslideitsolutions.com/tag/best-seo-strategies-for-your-small-business/feed/index.html]
[bunny-wp-pullzone-efjkxxbsas.b-cdn.net/wp-content/plugins/whatsapp-for-wordpress/assets/img/whatsapp_logo_gray_sm.svg]
[techslideitsolutions.com/wp-json/wp/v2/categories/114.json]
[techslideitsolutions.com/tag/best-social-media-marketing-service/feed/index.html]
[techslideitsolutions.com/tag/best-web-development-company/feed/index.html]
[techslideitsolutions.com/tag/digital-marketing-company/feed/index.html]
[techslideitsolutions.com/tag/local-seo/feed/index.html]
[bunny-wp-pullzone-efjkxxbsas.b-cdn.net/wp-content/plugins/whatsapp-for-wordpress/assets/img/whatsapp_logo_green_sm.svg]
[techslideitsolutions.com/tag/local-seo-strategies/feed/index.html]
[techslideitsolutions.com/tag/seo-services/feed/index.html]
[techslideitsolutions.com/tag/seo-service-for-wordpress/feed/index.html]
[techslideitsolutions.com/tag/seo-services-for-small-business/feed/index.html]
[techslideitsolutions.com/tag/seo-plans-for-indian-small-business/feed/index.html]
[bunny-wp-pullzone-efjkxxbsas.b-cdn.net/wp-content/cache/min/1/wp-content/plugins/whatsapp-for-wordpress/assets/css/style861b.css]
[bunny-wp-pullzone-efjkxxbsas.b-cdn.net/wp-content/cache/min/1/wp-content/plugins/woocommerce/assets/css/woocommerce-layout861b.css]
[bunny-wp-pullzone-efjkxxbsas.b-cdn.net/wp-content/cache/min/1/wp-content/plugins/woocommerce/assets/css/woocommerce-smallscreen861b.css]
[bunny-wp-pullzone-efjkxxbsas.b-cdn.net/wp-content/plugins/whatsapp-for-wordpress/assets/img/x_icon.svg]
[techslideitsolutions.com/tag/seo-tricks-tips/feed/index.html]
[techslideitsolutions.com/tag/web-design-company/feed/index.html]
[techslideitsolutions.com/tag/top-web-design-services-in-tamilnadu/feed/index.html]
[bunny-wp-pullzone-efjkxxbsas.b-cdn.net/wp-content/plugins/woocommerce/assets/images/icons/loader.svg]
[techslideitsolutions.com/wp-json/wp/v2/posts/11956.json]
[bunny-wp-pullzone-efjkxxbsas.b-cdn.net/wp-content/uploads/2023/02/bb2e291438d1f6b5e358a9d82cef2b17.png]
[techslideitsolutions.com/wp-json/wp/v2/posts/11948.json]
[bunny-wp-pullzone-efjkxxbsas.b-cdn.net/wp-content/plugins/woocommerce/assets/images/icons/credit-cards/visa.svg]
[bunny-wp-pullzone-efjkxxbsas.b-cdn.net/wp-content/plugins/woocommerce/assets/images/icons/credit-cards/mastercard.svg]
[bunny-wp-pullzone-efjkxxbsas.b-cdn.net/wp-content/plugins/woocommerce/assets/images/icons/credit-cards/laser.svg]
[bunny-wp-pullzone-efjkxxbsas.b-cdn.net/wp-content/plugins/woocommerce/assets/images/icons/credit-cards/diners.svg]
[bunny-wp-pullzone-efjkxxbsas.b-cdn.net/wp-content/plugins/woocommerce/assets/images/icons/credit-cards/maestro.svg]
[bunny-wp-pullzone-efjkxxbsas.b-cdn.net/wp-content/plugins/woocommerce/assets/images/icons/credit-cards/jcb.svg]
[bunny-wp-pullzone-efjkxxbsas.b-cdn.net/wp-content/plugins/woocommerce/assets/images/icons/credit-cards/amex.svg]
[bunny-wp-pullzone-efjkxxbsas.b-cdn.net/wp-content/cache/min/1/wp-content/plugins/woocommerce/assets/css/woocommerce861b.css]
[bunny-wp-pullzone-efjkxxbsas.b-cdn.net/wp-content/cache/min/1/wp-content/plugins/eroom-zoom-meetings-webinar/nuxy/metaboxes/assets/vendors/font-awesome.min861b.css]
[bunny-wp-pullzone-efjkxxbsas.b-cdn.net/wp-content/cache/min/1/wp-content/plugins/header-footer-elementor/assets/css/header-footer-elementor861b.css]
[bunny-wp-pullzone-efjkxxbsas.b-cdn.net/wp-content/plugins/woocommerce/assets/images/icons/credit-cards/discover.svg]
[bunny-wp-pullzone-efjkxxbsas.b-cdn.net/wp-content/cache/min/1/wp-content/plugins/elementor/assets/lib/eicons/css/elementor-icons.min861b.css]
[bunny-wp-pullzone-efjkxxbsas.b-cdn.net/wp-content/plugins/elementor/assets/css/frontend-lite.mindcff.css]
[bunny-wp-pullzone-efjkxxbsas.b-cdn.net/wp-content/cache/min/1/wp-content/plugins/elementor/assets/lib/swiper/v8/css/swiper.min861b.css]
[bunny-wp-pullzone-efjkxxbsas.b-cdn.net/wp-content/uploads/elementor/css/post-6861b.css]
[bunny-wp-pullzone-efjkxxbsas.b-cdn.net/wp-content/plugins/elementor-pro/assets/css/frontend-lite.min0599.css]
[bunny-wp-pullzone-efjkxxbsas.b-cdn.net/wp-content/plugins/elementor/assets/lib/eicons/fonts/eiconsc63f.svg]
[bunny-wp-pullzone-efjkxxbsas.b-cdn.net/wp-content/plugins/elementor/assets/lib/font-awesome/webfonts/fa-brands-400.svg]
[bunny-wp-pullzone-efjkxxbsas.b-cdn.net/wp-content/plugins/elementor/assets/lib/font-awesome/webfonts/fa-regular-400.svg]
[bunny-wp-pullzone-efjkxxbsas.b-cdn.net/wp-content/cache/min/1/wp-content/plugins/elementor/assets/lib/font-awesome/css/all.min861b.css]
[bunny-wp-pullzone-efjkxxbsas.b-cdn.net/wp-content/plugins/elementor/assets/lib/font-awesome/css/v4-shims.mindcff.css]
[bunny-wp-pullzone-efjkxxbsas.b-cdn.net/wp-content/plugins/elementor/assets/lib/font-awesome/webfonts/fa-solid-900.svg]
[techslideitsolutions.com/wp-content/uploads/2022/04/placeholder.gif]
[techslideitsolutions.com/wp-content/uploads/revslider/fullscreen-main-slider/slide-3.jpg]
[bunny-wp-pullzone-efjkxxbsas.b-cdn.net/wp-content/uploads/elementor/css/post-746921a2.css]
[bunny-wp-pullzone-efjkxxbsas.b-cdn.net/wp-content/uploads/elementor/css/post-7622861b.css]
[bunny-wp-pullzone-efjkxxbsas.b-cdn.net/wp-content/uploads/elementor/css/post-7608861b.css]
[bunny-wp-pullzone-efjkxxbsas.b-cdn.net/wp-content/cache/min/1/wp-content/themes/consulting/assets/css/bootstrap.min861b.css]
[bunny-wp-pullzone-efjkxxbsas.b-cdn.net/wp-content/cache/min/1/wp-content/themes/consulting/style861b.css]
[bunny-wp-pullzone-efjkxxbsas.b-cdn.net/wp-content/themes/consulting/assets/fonts/glyphicons-halflings-regular.svg]
[bunny-wp-pullzone-efjkxxbsas.b-cdn.net/wp-content/themes/consulting/assets/images/page_404.jpg]
[bunny-wp-pullzone-efjkxxbsas.b-cdn.net/wp-content/themes/consulting/assets/images/bg/img_1.jpg]
[bunny-wp-pullzone-efjkxxbsas.b-cdn.net/wp-content/themes/consulting/assets/images/bg/img_2.jpg]
[bunny-wp-pullzone-efjkxxbsas.b-cdn.net/wp-content/themes/consulting/assets/images/bg/img_3.png]
[bunny-wp-pullzone-efjkxxbsas.b-cdn.net/wp-content/themes/consulting/assets/images/bg/img_4.png]
[bunny-wp-pullzone-efjkxxbsas.b-cdn.net/wp-content/themes/consulting/assets/images/stroke.png]
[bunny-wp-pullzone-efjkxxbsas.b-cdn.net/wp-content/themes/consulting/assets/images/stroke@2x.png]
[bunny-wp-pullzone-efjkxxbsas.b-cdn.net/wp-content/themes/consulting/assets/css/images/pattern_3.png]
[bunny-wp-pullzone-efjkxxbsas.b-cdn.net/wp-content/themes/consulting/assets/images/pattern_3.png]
[bunny-wp-pullzone-efjkxxbsas.b-cdn.net/wp-content/themes/consulting/assets/images/testimonials_before_2.png]
[bunny-wp-pullzone-efjkxxbsas.b-cdn.net/wp-content/themes/consulting/assets/images/testimonials_before.png]
[bunny-wp-pullzone-efjkxxbsas.b-cdn.net/wp-content/themes/consulting/assets/images/pattern_4.png]
[bunny-wp-pullzone-efjkxxbsas.b-cdn.net/wp-content/themes/consulting/assets/css/images/pattern_4.png]
[bunny-wp-pullzone-efjkxxbsas.b-cdn.net/wp-content/themes/consulting/assets/images/preloader.gif]
[bunny-wp-pullzone-efjkxxbsas.b-cdn.net/wp-content/themes/consulting/assets/images/comment_before.png]
[bunny-wp-pullzone-efjkxxbsas.b-cdn.net/wp-content/themes/consulting/assets/images/video_overlay.png]
[bunny-wp-pullzone-efjkxxbsas.b-cdn.net/wp-content/cache/min/1/wp-content/themes/consulting/assets/css/layouts/layout_manchester/main2259.css]
[bunny-wp-pullzone-efjkxxbsas.b-cdn.net/wp-content/themes/consulting/assets/css/select2.minb02e.css]
[bunny-wp-pullzone-efjkxxbsas.b-cdn.net/wp-content/themes/consulting/assets/css/fontawesome/fontawesome.minb02e.css]
[bunny-wp-pullzone-efjkxxbsas.b-cdn.net/wp-content/cache/min/1/wp-content/themes/consulting/assets/css/fontawesome/brands.min2259.css]
[bunny-wp-pullzone-efjkxxbsas.b-cdn.net/wp-content/cache/min/1/wp-content/themes/consulting/assets/css/fontawesome/solid.min2259.css]
[bunny-wp-pullzone-efjkxxbsas.b-cdn.net/wp-content/themes/consulting/assets/css/fontawesome/v4-shims.minb02e.css]
[bunny-wp-pullzone-efjkxxbsas.b-cdn.net/wp-content/cache/min/1/wp-content/uploads/stm_uploads/theme_options2259.css]
[bunny-wp-pullzone-efjkxxbsas.b-cdn.net/wp-content/cache/min/1/wp-content/themes/consulting/assets/css/layouts/global_styles/main2259.css]
[bunny-wp-pullzone-efjkxxbsas.b-cdn.net/wp-content/cache/min/1/wp-content/themes/consulting/inc/megamenu/assets/css/megamenu2259.css]
[bunny-wp-pullzone-efjkxxbsas.b-cdn.net/wp-content/themes/consulting/assets/images/bg/staff_frame.svg]
[bunny-wp-pullzone-efjkxxbsas.b-cdn.net/wp-content/plugins/halfdata-green-popups/fonts/lepopup-if2d2f.svg]
[bunny-wp-pullzone-efjkxxbsas.b-cdn.net/wp-content/cache/min/1/wp-content/plugins/halfdata-green-popups/css/style2259.css]
[bunny-wp-pullzone-efjkxxbsas.b-cdn.net/wp-content/cache/min/1/wp-content/plugins/halfdata-green-popups/css/airdatepicker2259.css]
[bunny-wp-pullzone-efjkxxbsas.b-cdn.net/wp-content/plugins/elementor/assets/lib/font-awesome/css/fontawesome.min52d5.css]
[bunny-wp-pullzone-efjkxxbsas.b-cdn.net/wp-content/cache/min/1/wp-content/plugins/elementor/assets/lib/font-awesome/css/solid.min2259.css]
[bunny-wp-pullzone-efjkxxbsas.b-cdn.net/wp-content/cache/min/1/wp-content/plugins/elementor/assets/lib/font-awesome/css/regular.min2259.css]
[bunny-wp-pullzone-efjkxxbsas.b-cdn.net/wp-content/cache/min/1/wp-content/plugins/elementor/assets/lib/font-awesome/css/brands.min2259.css]
[bunny-wp-pullzone-efjkxxbsas.b-cdn.net/wp-content/plugins/halfdata-green-popups/fonts/lepopup-fa3236.svg]
[www.googletagmanager.com/gtm5445.html]
[techslideitsolutions.com/digital-marketing-company/index.html]
[bunny-wp-pullzone-efjkxxbsas.b-cdn.net/wp-content/plugins/elementor/assets/css/widget-icon-box.min.css]
[consulting.stylemixthemes.com/demo/wp-content/uploads/2021/svg/circuit.svg]
[consulting.stylemixthemes.com/demo/wp-content/uploads/2021/svg/triangle_transparent.svg]
[consulting.stylemixthemes.com/demo/wp-content/uploads/2021/svg/triangle_service.svg]
[techslideitsolutions.com/service/payment-gateway-providers-in-india/index.html]
[techslideitsolutions.com/service/integrated-logistics-solutions/index.html]
[techslideitsolutions.com/service/best-seo-company-in-tamilnadu/index.html]
[techslideitsolutions.com/service/social-media-marketing-services/index.html]
[techslideitsolutions.com/service/ecommerce-website-designing-solutions/index.html]
[consulting.stylemixthemes.com/demo/wp-content/uploads/2021/svg/triangle.svg]
[bunny-wp-pullzone-efjkxxbsas.b-cdn.net/wp-content/uploads/2022/04/webdesign-1.svg]
[bunny-wp-pullzone-efjkxxbsas.b-cdn.net/wp-content/uploads/2022/04/Trending-1.svg]
[bunny-wp-pullzone-efjkxxbsas.b-cdn.net/wp-content/uploads/2022/04/Strategic-Planning-1.svg]
[bunny-wp-pullzone-efjkxxbsas.b-cdn.net/wp-content/uploads/2022/04/Business-Automation-1.svg]
[bunny-wp-pullzone-efjkxxbsas.b-cdn.net/wp-content/uploads/2022/04/Content-Creation-1.svg]
[bunny-wp-pullzone-efjkxxbsas.b-cdn.net/wp-content/uploads/2022/04/Secure-Coding-1.svg]
[bunny-wp-pullzone-efjkxxbsas.b-cdn.net/wp-content/uploads/2022/04/ecommerce-website.svg]
[bunny-wp-pullzone-efjkxxbsas.b-cdn.net/wp-content/uploads/2022/04/payment-gateway-1.svg]
[bunny-wp-pullzone-efjkxxbsas.b-cdn.net/wp-content/uploads/2022/04/logistic-solutions-1.svg]
[bunny-wp-pullzone-efjkxxbsas.b-cdn.net/wp-content/uploads/2022/04/multi-vendor-1.svg]
[bunny-wp-pullzone-efjkxxbsas.b-cdn.net/wp-content/uploads/2022/04/customer-care-1.svg]
[bunny-wp-pullzone-efjkxxbsas.b-cdn.net/wp-content/uploads/2022/04/hosting-1.svg]
[bunny-wp-pullzone-efjkxxbsas.b-cdn.net/wp-content/uploads/2022/04/seo1.svg]
[bunny-wp-pullzone-efjkxxbsas.b-cdn.net/wp-content/uploads/2022/04/seo2.svg]
[bunny-wp-pullzone-efjkxxbsas.b-cdn.net/wp-content/uploads/2022/04/smm.svg]
[bunny-wp-pullzone-efjkxxbsas.b-cdn.net/wp-content/uploads/2022/04/sm-management.svg]
[bunny-wp-pullzone-efjkxxbsas.b-cdn.net/wp-content/uploads/2022/04/digital-marketing.svg]
[bunny-wp-pullzone-efjkxxbsas.b-cdn.net/wp-content/uploads/2022/04/orm.svg]
[consulting.stylemixthemes.com/demo/wp-content/uploads/2021/svg/triangle_staff.svg]
[consulting.stylemixthemes.com/demo/wp-content/uploads/2021/svg/circuit_transparent_2.svg]
[consulting.stylemixthemes.com/demo/wp-content/uploads/2021/svg/triangle_contact.svg]
[bunny-wp-pullzone-efjkxxbsas.b-cdn.net/wp-content/uploads/2021/08/Blue-box-transparent-SVG.svg]
[bunny-wp-pullzone-efjkxxbsas.b-cdn.net/wp-content/uploads/2021/08/flutter.svg]
[bunny-wp-pullzone-efjkxxbsas.b-cdn.net/wp-content/cache/min/1/wp-content/plugins/woocommerce/assets/client/blocks/wc-blocks2259.css]
[bunny-wp-pullzone-efjkxxbsas.b-cdn.net/wp-content/plugins/elementor/assets/lib/animations/animations.mindcff.css]
[bunny-wp-pullzone-efjkxxbsas.b-cdn.net/wp-content/cache/min/1/wp-content/themes/consulting/assets/css/slickf9b7.css]
[bunny-wp-pullzone-efjkxxbsas.b-cdn.net/wp-content/plugins/revslider/public/assets/fonts/revicons/revicons90c6.svg]
[bunny-wp-pullzone-efjkxxbsas.b-cdn.net/wp-content/plugins/revslider/public/assets/assets/gridtile.png]
[bunny-wp-pullzone-efjkxxbsas.b-cdn.net/wp-content/plugins/revslider/public/assets/assets/gridtile_white.png]
[bunny-wp-pullzone-efjkxxbsas.b-cdn.net/wp-content/plugins/revslider/public/assets/assets/gridtile_3x3.png]
[bunny-wp-pullzone-efjkxxbsas.b-cdn.net/wp-content/plugins/revslider/public/assets/assets/gridtile_white.png]
[bunny-wp-pullzone-efjkxxbsas.b-cdn.net/wp-content/plugins/revslider/public/assets/assets/gridtile_3x3_white.png]
[bunny-wp-pullzone-efjkxxbsas.b-cdn.net/wp-content/plugins/revslider/public/assets/assets/coloredbg.png]
[bunny-wp-pullzone-efjkxxbsas.b-cdn.net/wp-content/plugins/revslider/public/assets/assets/loader.gif]
[bunny-wp-pullzone-efjkxxbsas.b-cdn.net/wp-content/cache/min/1/wp-content/plugins/revslider/public/assets/css/rs62259.css]
[gmpg.org/xfn/default.css]
[techslideitsolutions.com/digital-marketing-company/e.html]
[bunny-wp-pullzone-efjkxxbsas.b-cdn.net/wp-content/uploads/elementor/css/post-1095429ed.css]
[techslideitsolutions.com/index7471.html]
[consulting.stylemixthemes.com/demo/wp-content/uploads/2021/svg/triangle_for_slide_5.svg]
[consulting.stylemixthemes.com/demo/wp-content/uploads/2021/svg/triangle_for_slide_4.svg]
[consulting.stylemixthemes.com/demo/wp-content/uploads/2021/svg/manchester-heading-triangle-1.svg]
[consulting.stylemixthemes.com/demo/wp-content/uploads/2021/svg/manchester_inner_triangle-1.svg]
[consulting.stylemixthemes.com/demo/wp-content/uploads/2021/svg/manchester_inner_circle.svg]
[consulting.stylemixthemes.com/demo/wp-content/uploads/2021/svg/circuit_transparent.svg]
[bunny-wp-pullzone-efjkxxbsas.b-cdn.net/wp-content/cache/min/1/wp-content/themes/consulting/assets/css/owl.carousel29ed.css]
[techslideitsolutions.com/blog/e.html]
[bunny-wp-pullzone-efjkxxbsas.b-cdn.net/wp-includes/css/dist/block-library/style.minb6a4.css]
[techslideitsolutions.com/is-your-business-falling-behind-the-benefits-of-partnering-with-a-digital-marketing-agency/index.html]
[techslideitsolutions.com/achieving-industry-leadership-the-best-web-development-company-and-its-top-web-design-services/index.html]
[techslideitsolutions.com/empower-your-brand-future-trends-in-digital-marketing-from-top-digital-marketing-companies/index.html]
[techslideitsolutions.com/why-tamilnadus-leading-web-design-and-digital-marketing-agencies-are-essential-for-your-business/index.html]
[techslideitsolutions.com/increase-your-online-revenue-with-global-sales-tactics-and-local-feels-tips-from-a-digital-marketing-company/index.html]
[techslideitsolutions.com/unlock-the-power-of-seo-top-6-tips-every-marketer-needs-to-know/index.html]
[techslideitsolutions.com/category/seo/index.html]
[bunny-wp-pullzone-efjkxxbsas.b-cdn.net/wp-content/uploads/elementor/css/post-527861b.css]
[techslideitsolutions.com/digital-marketing-agency/e.html]
[bunny-wp-pullzone-efjkxxbsas.b-cdn.net/wp-content/uploads/elementor/css/post-10885a36d.css]
[techslideitsolutions.com/index4c38.html]
[consulting.stylemixthemes.com/demo/wp-content/uploads/2021/svg/manchester_inner_circle_transparent.svg]
[consulting.stylemixthemes.com/demo/wp-content/uploads/2021/svg/manchester_inner_triangle-2.svg]
[bunny-wp-pullzone-efjkxxbsas.b-cdn.net/wp-content/cache/min/1/wp-content/themes/consulting/assets/css/layouts/global_styles/pie_chart029b.css]
[bunny-wp-pullzone-efjkxxbsas.b-cdn.net/wp-content/cache/min/1/wp-content/plugins/consulting-elementor-widgets/assets/css/widgets/company-history/vertical-standard029b.css]
[bunny-wp-pullzone-efjkxxbsas.b-cdn.net/wp-content/cache/min/1/wp-content/plugins/consulting-elementor-widgets/assets/css/widgets/company-history/vertical-side029b.css]
[bunny-wp-pullzone-efjkxxbsas.b-cdn.net/wp-content/cache/min/1/wp-content/plugins/consulting-elementor-widgets/assets/css/widgets/company-history/vertical-alternating029b.css]
[bunny-wp-pullzone-efjkxxbsas.b-cdn.net/wp-content/cache/min/1/wp-content/plugins/consulting-elementor-widgets/assets/css/widgets/company-history/horizontal-standard029b.css]
[bunny-wp-pullzone-efjkxxbsas.b-cdn.net/wp-content/cache/min/1/wp-content/plugins/consulting-elementor-widgets/assets/css/widgets/company-history/horizontal-alternating029b.css]
[bunny-wp-pullzone-efjkxxbsas.b-cdn.net/wp-content/cache/min/1/wp-content/plugins/consulting-elementor-widgets/assets/css/widgets/company-history/horizontal-bottom029b.css]
[techslideitsolutions.com/service/toll-free-number-service-provider/e.html]
[bunny-wp-pullzone-efjkxxbsas.b-cdn.net/wp-content/uploads/elementor/css/post-571f54a.css]
[bunny-wp-pullzone-efjkxxbsas.b-cdn.net/wp-content/uploads/elementor/css/post-109508f2.css]
[techslideitsolutions.com/service/payment-gateway-providers-in-india/e.html]
[bunny-wp-pullzone-efjkxxbsas.b-cdn.net/wp-content/uploads/elementor/css/post-569eac7.css]
[bunny-wp-pullzone-efjkxxbsas.b-cdn.net/wp-content/plugins/wpforms/assets/css/wpforms-full.min3e0d.css]
[bunny-wp-pullzone-efjkxxbsas.b-cdn.net/wp-content/plugins/wpforms/assets/images/times-solid-white.svg]
[techslideitsolutions.com/index.php/contact-us/index.html]
[bunny-wp-pullzone-efjkxxbsas.b-cdn.net/wp-content/plugins/consulting-elementor-widgets/assets/images/linear-circle.png]
[bunny-wp-pullzone-efjkxxbsas.b-cdn.net/wp-content/cache/min/1/wp-content/plugins/consulting-elementor-widgets/assets/css/widgets/icon-box/standardeaab.css]
[bunny-wp-pullzone-efjkxxbsas.b-cdn.net/wp-content/cache/min/1/wp-content/plugins/consulting-elementor-widgets/assets/css/widgets/icon-box/boxed-top-iconeaab.css]
[bunny-wp-pullzone-efjkxxbsas.b-cdn.net/wp-content/cache/min/1/wp-content/plugins/consulting-elementor-widgets/assets/css/widgets/icon-box/boxed-side-iconeaab.css]
[bunny-wp-pullzone-efjkxxbsas.b-cdn.net/wp-content/cache/min/1/wp-content/plugins/consulting-elementor-widgets/assets/css/widgets/icon-box/boxed-double-iconeaab.css]
[bunny-wp-pullzone-efjkxxbsas.b-cdn.net/wp-content/cache/min/1/wp-content/plugins/consulting-elementor-widgets/assets/css/widgets/icon-box/with-tabseaab.css]
[bunny-wp-pullzone-efjkxxbsas.b-cdn.net/wp-content/plugins/wpforms/pro/assets/images/vendor/intl-tel-input-flags.png]
[bunny-wp-pullzone-efjkxxbsas.b-cdn.net/wp-content/plugins/wpforms/pro/assets/images/vendor/intl-tel-input-flags@2x.png]
[bunny-wp-pullzone-efjkxxbsas.b-cdn.net/wp-content/plugins/wpforms/pro/assets/css/vendor/intl-tel-input.minb24a.css]
[techslideitsolutions.com/service/integrated-logistics-solutions/e.html]
[bunny-wp-pullzone-efjkxxbsas.b-cdn.net/wp-content/uploads/elementor/css/post-567c8df.css]
[techslideitsolutions.com/service/best-seo-company-in-tamilnadu/e.html]
[bunny-wp-pullzone-efjkxxbsas.b-cdn.net/wp-content/uploads/elementor/css/post-56608f2.css]
[bunny-wp-pullzone-efjkxxbsas.b-cdn.net/wp-content/plugins/wpforms/assets/images/submit-spin.svg]
[techslideitsolutions.com/service/social-media-marketing-services/e.html]
[bunny-wp-pullzone-efjkxxbsas.b-cdn.net/wp-content/uploads/elementor/css/post-5686a23.css]
[techslideitsolutions.com/service/ecommerce-website-designing-solutions/e.html]
[bunny-wp-pullzone-efjkxxbsas.b-cdn.net/wp-content/uploads/elementor/css/post-570eaab.css]
[techslideitsolutions.com/service/result-assured-seo-services/index.html]
[techslideitsolutions.com/contact-us/e.html]
[bunny-wp-pullzone-efjkxxbsas.b-cdn.net/wp-content/uploads/elementor/css/post-11848a4e.css]
[techslideitsolutions.com/index0ae6.html]
[techslideitsolutions.com/terms-and-conditions/e.html]
[techslideitsolutions.com/indexbcd4.html]
[techslideitsolutions.com/privacy-policy/e.html]
[bunny-wp-pullzone-efjkxxbsas.b-cdn.net/wp-content/uploads/elementor/css/post-68854840.css]
[techslideitsolutions.com/indexd06d.html]
[bunny-wp-pullzone-efjkxxbsas.b-cdn.net/wp-content/themes/consulting/assets/css/layouts/global_styles/stm_anchors_textb6a4.html]
[techslideitsolutions.com/refund_returns-2/e.html]
[techslideitsolutions.com/blog/page/2/e.html]
[techslideitsolutions.com/local-seo-strategies-to-help-small-businesses-grow/index.html]
[techslideitsolutions.com/unlocking-the-secrets-of-seo-a-guide-for-small-business-owners/index.html]
[techslideitsolutions.com/how-the-best-web-development-company-in-tamilnadu-incorporates-the-latest-trends-for-enhanced-user-experience/e.html]
[techslideitsolutions.com/index17db.html]
[techslideitsolutions.com/is-your-business-falling-behind-the-benefits-of-partnering-with-a-digital-marketing-agency/e.html]
[techslideitsolutions.com/indexca7c.html]
[techslideitsolutions.com/achieving-industry-leadership-the-best-web-development-company-and-its-top-web-design-services/e.html]
[techslideitsolutions.com/indexd2aa.html]
[techslideitsolutions.com/empower-your-brand-future-trends-in-digital-marketing-from-top-digital-marketing-companies/e.html]
[techslideitsolutions.com/indexaf42.html]
[techslideitsolutions.com/content-marketing-strategies-to-earn-consumer-trust-tips-from-a-top-digital-marketing-company-in-tamilnadu/e.html]
[techslideitsolutions.com/index688d.html]
[techslideitsolutions.com/why-tamilnadus-leading-web-design-and-digital-marketing-agencies-are-essential-for-your-business/e.html]
[techslideitsolutions.com/indexb50e.html]
[techslideitsolutions.com/empowering-startups-with-premier-digital-marketing/e.html]
[techslideitsolutions.com/index24cd.html]
[techslideitsolutions.com/find-the-best-web-development-company-in-tamilnadu-to-boost-your-online-presence-and-get-the-best-web-design-services/e.html]
[techslideitsolutions.com/index79a8.html]
[techslideitsolutions.com/increase-your-online-revenue-with-global-sales-tactics-and-local-feels-tips-from-a-digital-marketing-company/e.html]
[techslideitsolutions.com/index0c74.html]
[techslideitsolutions.com/unlock-the-power-of-seo-top-6-tips-every-marketer-needs-to-know/e.html]
[techslideitsolutions.com/category/seo/e.html]
[techslideitsolutions.com/category/technology/e.html]
[techslideitsolutions.com/wp-json/wp/v2/categories/118.json]
[techslideitsolutions.com/category/web-development/e.html]
[techslideitsolutions.com/wp-json/wp/v2/categories/113.json]
[techslideitsolutions.com/2024/08/e.html]
[techslideitsolutions.com/2024/07/e.html]
[techslideitsolutions.com/2024/06/e.html]
[techslideitsolutions.com/2023/09/e.html]
[techslideitsolutions.com/2023/07/e.html]
[techslideitsolutions.com/2023/02/e.html]
[techslideitsolutions.com/tag/best-digital-marketing-agency-in-tamilnadu/e.html]
[techslideitsolutions.com/wp-json/wp/v2/tags/160.json]
[techslideitsolutions.com/tag/best-digital-marketing-company-in-tamilnadu/e.html]
[techslideitsolutions.com/wp-json/wp/v2/tags/164.json]
[techslideitsolutions.com/tag/best-seo-agency-in-india/e.html]
[techslideitsolutions.com/wp-json/wp/v2/tags/128.json]
[techslideitsolutions.com/tag/best-seo-strategies-for-your-small-business/e.html]
[techslideitsolutions.com/wp-json/wp/v2/tags/129.json]
[techslideitsolutions.com/tag/best-social-media-marketing-service/e.html]
[techslideitsolutions.com/wp-json/wp/v2/tags/161.json]
[techslideitsolutions.com/tag/best-web-development-company/e.html]
[techslideitsolutions.com/wp-json/wp/v2/tags/162.json]
[techslideitsolutions.com/tag/digital-marketing-company/e.html]
[techslideitsolutions.com/wp-json/wp/v2/tags/158.json]
[techslideitsolutions.com/tag/local-seo/e.html]
[techslideitsolutions.com/wp-json/wp/v2/tags/130.json]
[techslideitsolutions.com/tag/local-seo-strategies/e.html]
[techslideitsolutions.com/wp-json/wp/v2/tags/131.json]
[techslideitsolutions.com/tag/seo-plans-for-indian-small-business/e.html]
[techslideitsolutions.com/wp-json/wp/v2/tags/121.json]
[techslideitsolutions.com/tag/seo-service-for-wordpress/e.html]
[techslideitsolutions.com/wp-json/wp/v2/tags/122.json]
[techslideitsolutions.com/tag/seo-services/e.html]
[techslideitsolutions.com/wp-json/wp/v2/tags/123.json]
[techslideitsolutions.com/tag/seo-services-for-small-business/e.html]
[techslideitsolutions.com/wp-json/wp/v2/tags/120.json]
[techslideitsolutions.com/tag/seo-tricks-tips/e.html]
[techslideitsolutions.com/wp-json/wp/v2/tags/157.json]
[techslideitsolutions.com/tag/top-web-design-services-in-tamilnadu/e.html]
[techslideitsolutions.com/wp-json/wp/v2/tags/163.json]
[techslideitsolutions.com/tag/web-design-company/e.html]
[techslideitsolutions.com/wp-json/wp/v2/tags/159.json]
[techslideitsolutions.com/local-seo-strategies-to-help-small-businesses-grow/e.html]
[techslideitsolutions.com/index981e.html]
[techslideitsolutions.com/unlocking-the-secrets-of-seo-a-guide-for-small-business-owners/e.html]
[techslideitsolutions.com/index578e.html]
[bunny-wp-pullzone-efjkxxbsas.b-cdn.net/wp-content/plugins/wpf-drop-uploader/pe-icon-7-stroke/fonts/Pe-icon-7-strokebb1d.svg]
[bunny-wp-pullzone-efjkxxbsas.b-cdn.net/wp-content/uploads/stm_fonts/stm/stm2ae1.svg]
[bunny-wp-pullzone-efjkxxbsas.b-cdn.net/wp-content/plugins/whatsapp-for-wordpress/assets/img/whatsapp_logo_green.svg]
[bunny-wp-pullzone-efjkxxbsas.b-cdn.net/wp-content/plugins/whatsapp-for-wordpress/assets/img/whatsapp_logo_gray.svg]
[bunny-wp-pullzone-efjkxxbsas.b-cdn.net/wp-content/plugins/whatsapp-for-wordpress/assets/img/whatsapp_logo.svg]
[bunny-wp-pullzone-efjkxxbsas.b-cdn.net/wp-content/plugins/whatsapp-for-wordpress/assets/img/whatsapp_logo_gray_sm.svg]
[bunny-wp-pullzone-efjkxxbsas.b-cdn.net/wp-content/plugins/whatsapp-for-wordpress/assets/img/whatsapp_logo_green_sm.svg]
[bunny-wp-pullzone-efjkxxbsas.b-cdn.net/wp-content/plugins/whatsapp-for-wordpress/assets/img/x_icon.svg]
[bunny-wp-pullzone-efjkxxbsas.b-cdn.net/wp-content/plugins/woocommerce/assets/images/icons/loader.svg]
[bunny-wp-pullzone-efjkxxbsas.b-cdn.net/wp-content/plugins/woocommerce/assets/images/icons/credit-cards/visa.svg]
[bunny-wp-pullzone-efjkxxbsas.b-cdn.net/wp-content/plugins/woocommerce/assets/images/icons/credit-cards/mastercard.svg]
[bunny-wp-pullzone-efjkxxbsas.b-cdn.net/wp-content/plugins/woocommerce/assets/images/icons/credit-cards/laser.svg]
[bunny-wp-pullzone-efjkxxbsas.b-cdn.net/wp-content/plugins/woocommerce/assets/images/icons/credit-cards/diners.svg]
[bunny-wp-pullzone-efjkxxbsas.b-cdn.net/wp-content/plugins/woocommerce/assets/images/icons/credit-cards/maestro.svg]
[bunny-wp-pullzone-efjkxxbsas.b-cdn.net/wp-content/plugins/woocommerce/assets/images/icons/credit-cards/jcb.svg]
[bunny-wp-pullzone-efjkxxbsas.b-cdn.net/wp-content/plugins/woocommerce/assets/images/icons/credit-cards/amex.svg]
[bunny-wp-pullzone-efjkxxbsas.b-cdn.net/wp-content/plugins/woocommerce/assets/images/icons/credit-cards/discover.svg]
[bunny-wp-pullzone-efjkxxbsas.b-cdn.net/wp-content/plugins/elementor/assets/lib/eicons/fonts/eiconsc63f.svg]
[bunny-wp-pullzone-efjkxxbsas.b-cdn.net/wp-content/plugins/elementor/assets/lib/font-awesome/webfonts/fa-brands-400.svg]
[bunny-wp-pullzone-efjkxxbsas.b-cdn.net/wp-content/plugins/elementor/assets/lib/font-awesome/webfonts/fa-regular-400.svg]
[bunny-wp-pullzone-efjkxxbsas.b-cdn.net/wp-content/plugins/elementor/assets/lib/font-awesome/webfonts/fa-solid-900.svg]
[bunny-wp-pullzone-efjkxxbsas.b-cdn.net/wp-content/themes/consulting/assets/fonts/glyphicons-halflings-regular.svg]
[bunny-wp-pullzone-efjkxxbsas.b-cdn.net/wp-content/themes/consulting/assets/css/images/pattern_3.html]
[bunny-wp-pullzone-efjkxxbsas.b-cdn.net/wp-content/themes/consulting/assets/css/images/pattern_4.html]
[bunny-wp-pullzone-efjkxxbsas.b-cdn.net/wp-content/themes/consulting/assets/images/bg/staff_frame.svg]
[bunny-wp-pullzone-efjkxxbsas.b-cdn.net/wp-content/plugins/halfdata-green-popups/fonts/lepopup-if2d2f.svg]
[bunny-wp-pullzone-efjkxxbsas.b-cdn.net/wp-content/plugins/halfdata-green-popups/fonts/lepopup-fa3236.svg]
[bunny-wp-pullzone-efjkxxbsas.b-cdn.net/wp-content/plugins/revslider/public/assets/fonts/revicons/revicons90c6.svg]
[bunny-wp-pullzone-efjkxxbsas.b-cdn.net/wp-content/plugins/wpforms/assets/images/times-solid-white.svg]
[techslideitsolutions.com/service/web-development-company-in-thanjauvr/index.html]
[techslideitsolutions.com/service/web-development-company-in-thanjauvr/index.html]
